From ubuntu-bugs-bounces@lists.ubuntu.com  Wed Aug  3 17:55:19 2011
Return-Path: <ubuntu-bugs-bounces@lists.ubuntu.com>
X-Original-To: listarchive-ubuntubugs@lillypilly.canonical.com
Delivered-To: listarchive-ubuntubugs@lillypilly.canonical.com
Received: from fiordland.canonical.com (fiordland.canonical.com [91.189.94.145])
	by lillypilly.canonical.com (Postfix) with ESMTP id D9EAD26C27BB
	for <listarchive-ubuntubugs@lillypilly.canonical.com>; Wed,  3 Aug 2011 17:55:18 +0000 (UTC)
Received: from chlorine.canonical.com (chlorine.canonical.com [91.189.94.204])
	by fiordland.canonical.com (Postfix) with ESMTP id CA90BA184B1;
	Wed,  3 Aug 2011 17:55:18 +0000 (UTC)
Received: from localhost ([127.0.0.1] helo=chlorine.canonical.com)
	by chlorine.canonical.com with esmtp (Exim 4.71)
	(envelope-from <ubuntu-bugs-bounces@lists.ubuntu.com>)
	id 1Qofeo-0006v5-Sv; Wed, 03 Aug 2011 17:55:03 +0000
Received: from adelie.canonical.com ([91.189.90.139])
	by chlorine.canonical.com with esmtp (Exim 4.71)
	(envelope-from <bounces@canonical.com>) id 1Qofel-0006ud-52
	for ubuntu-bugs@lists.ubuntu.com; Wed, 03 Aug 2011 17:54:59 +0000
Received: from loganberry.canonical.com ([91.189.90.37])
	by adelie.canonical.com with esmtp (Exim 4.71 #1 (Debian))
	id 1Qofek-0002lM-SE
	for <ubuntu-bugs@lists.ubuntu.com>; Wed, 03 Aug 2011 17:54:59 +0000
Received: from loganberry.canonical.com (localhost [127.0.0.1])
	by loganberry.canonical.com (Postfix) with ESMTP id C1D372E84F6
	for <ubuntu-bugs@lists.ubuntu.com>;
	Wed,  3 Aug 2011 17:54:58 +0000 (UTC)
MIME-Version: 1.0
Date: Wed, 03 Aug 2011 17:43:19 -0000
From: Brian Murray <brian@ubuntu.com>
To: ubuntu-bugs@lists.ubuntu.com
X-Launchpad-Bug: distribution=ubuntu; sourcepackage=ubiquity; component=main; 
	status=New; importance=Undecided; assignee=None; 
X-Launchpad-Bug-Tags: installer-crash jaunty ubiquity-1.12.12
X-Launchpad-Bug-Private: no
X-Launchpad-Bug-Security-Vulnerability: no
X-Launchpad-Bug-Commenters: brian-murray nony-vfemail
X-Launchpad-Bug-Reporter: nony (nony-vfemail)
X-Launchpad-Bug-Modifier: Brian Murray (brian-murray)
References: <20090529095654.29876.20294.malonedeb@gangotri.canonical.com>
Message-Id: <20110803174319.6306.2052.malone@wampee.canonical.com>
Subject: [Bug 381598] Re: ubiquity crashes in ubuntu 9.04 installation
X-Launchpad-Message-Rationale: Subscriber (Ubuntu) @ubuntu-bugs
Precedence: bulk
X-Generated-By: Launchpad (canonical.com); Revision="13573";
	Instance="initZopeless config overlay"
X-Launchpad-Hash: d5f247ff5a218d12463da2d4fb287aa4ea491b96
X-BeenThere: ubuntu-bugs@lists.ubuntu.com
X-Mailman-Version: 2.1.13
Reply-To: Bug 381598 <381598@bugs.launchpad.net>
List-Id: Ubuntu bug tracker changes - HIGH VOLUME
	<ubuntu-bugs.lists.ubuntu.com>
List-Unsubscribe: <https://lists.ubuntu.com/mailman/options/ubuntu-bugs>,
	<mailto:ubuntu-bugs-request@lists.ubuntu.com?subject=unsubscribe>
List-Post: <mailto:ubuntu-bugs@lists.ubuntu.com>
List-Help: <mailto:ubuntu-bugs-request@lists.ubuntu.com?subject=help>
List-Subscribe: <https://lists.ubuntu.com/mailman/listinfo/ubuntu-bugs>,
	<mailto:ubuntu-bugs-request@lists.ubuntu.com?subject=subscribe>
Content-Type: text/plain; charset="us-ascii"
Content-Transfer-Encoding: 7bit
Sender: ubuntu-bugs-bounces@lists.ubuntu.com
Errors-To: ubuntu-bugs-bounces@lists.ubuntu.com

Exception during installation:
May 29 12:30:57 ubuntu python: Traceback (most recent call last):
May 29 12:30:57 ubuntu python:   File "/usr/share/ubiquity/install.py", line 2225, in <module>
May 29 12:30:57 ubuntu python:     install.run()
May 29 12:30:57 ubuntu python:   File "/usr/share/ubiquity/install.py", line 416, in run
May 29 12:30:57 ubuntu python:     self.configure_ma()
May 29 12:30:57 ubuntu python:   File "/usr/share/ubiquity/install.py", line 1334, in configure_ma
May 29 12:30:57 ubuntu python:     raise InstallStepError("MigrationAssistantApply failed with code %d" % ret)
May 29 12:30:57 ubuntu python: InstallStepError: MigrationAssistantApply failed with code 2
May 29 12:30:57 ubuntu python: 
May 29 12:30:59 ubuntu ubiquity[4446]: debconffilter_done: Install (current: None)
May 29 12:30:59 ubuntu ubiquity[4446]: Exception in GTK frontend (invoking crash handler):
May 29 12:30:59 ubuntu ubiquity[4446]: Traceback (most recent call last):
May 29 12:30:59 ubuntu ubiquity[4446]:   File "/usr/lib/ubiquity/bin/ubiquity", line 232, in <module>
May 29 12:30:59 ubuntu ubiquity[4446]:     main()
May 29 12:30:59 ubuntu ubiquity[4446]:   File "/usr/lib/ubiquity/bin/ubiquity", line 229, in main
May 29 12:30:59 ubuntu ubiquity[4446]:     install()
May 29 12:30:59 ubuntu ubiquity[4446]:   File "/usr/lib/ubiquity/bin/ubiquity", line 68, in install
May 29 12:30:59 ubuntu ubiquity[4446]:     ret = wizard.run()
May 29 12:30:59 ubuntu ubiquity[4446]:   File "/usr/lib/ubiquity/ubiquity/frontend/gtk_ui.py", line 448, in run
May 29 12:30:59 ubuntu ubiquity[4446]:     self.progress_loop()
May 29 12:30:59 ubuntu ubiquity[4446]:   File "/usr/lib/ubiquity/ubiquity/frontend/gtk_ui.py", line 931, in progress_loop
May 29 12:30:59 ubuntu ubiquity[4446]:     (ret, realtb))
May 29 12:30:59 ubuntu ubiquity[4446]: RuntimeError: Install failed with exit code 1
May 29 12:30:59 ubuntu ubiquity[4446]: Traceback (most recent call last):
May 29 12:30:59 ubuntu ubiquity[4446]:   File "/usr/share/ubiquity/install.py", line 2225, in <module>
May 29 12:30:59 ubuntu ubiquity[4446]:     install.run()
May 29 12:30:59 ubuntu ubiquity[4446]:   File "/usr/share/ubiquity/install.py", line 416, in run
May 29 12:30:59 ubuntu ubiquity[4446]:     self.configure_ma()
May 29 12:30:59 ubuntu ubiquity[4446]:   File "/usr/share/ubiquity/install.py", line 1334, in configure_ma
May 29 12:30:59 ubuntu ubiquity[4446]:     raise InstallStepError("MigrationAssistantApply failed with code %d" % ret)
May 29 12:30:59 ubuntu ubiquity[4446]: InstallStepError: MigrationAssistantApply failed with code 2
May 29 12:30:59 ubuntu ubiquity[4446]: 
May 29 12:30:59 ubuntu last message repeated 2 times

****************************************************************************
/var/log/syslog


May 29 11:58:42 ubuntu syslogd 1.5.0#5ubuntu3: restart.
May 29 11:58:42 ubuntu kernel: Inspecting /boot/System.map-2.6.28-11-generic
May 29 11:58:43 ubuntu kernel: Cannot find map file.
May 29 11:58:43 ubuntu kernel: Loaded 54525 symbols from 54 modules.
May 29 11:58:43 ubuntu kernel: [    0.000000] BIOS EBDA/lowmem at: 0009fc00/0009fc00
May 29 11:58:43 ubuntu kernel: [    0.000000] Initializing cgroup subsys cpuset
May 29 11:58:43 ubuntu kernel: [    0.000000] Initializing cgroup subsys cpu
May 29 11:58:43 ubuntu kernel: [    0.000000] Linux version 2.6.28-11-generic (buildd@palmer) (gcc version 4.3.3 (Ubuntu 4.3.3-5ubuntu4) ) #42-Ubuntu SMP Fri Apr 17 01:57:59 UTC 2009 (Ubuntu 2.6.28-11.42-generic)
May 29 11:58:43 ubuntu kernel: [    0.000000] KERNEL supported cpus:
May 29 11:58:43 ubuntu kernel: [    0.000000]   Intel GenuineIntel
May 29 11:58:43 ubuntu kernel: [    0.000000]   AMD AuthenticAMD
May 29 11:58:43 ubuntu kernel: [    0.000000]   NSC Geode by NSC
May 29 11:58:43 ubuntu kernel: [    0.000000]   Cyrix CyrixInstead
May 29 11:58:43 ubuntu kernel: [    0.000000]   Centaur CentaurHauls
May 29 11:58:43 ubuntu kernel: [    0.000000]   Transmeta GenuineTMx86
May 29 11:58:43 ubuntu kernel: [    0.000000]   Transmeta TransmetaCPU
May 29 11:58:43 ubuntu kernel: [    0.000000]   UMC UMC UMC UMC
May 29 11:58:43 ubuntu kernel: [    0.000000] BIOS-provided physical RAM map:
May 29 11:58:43 ubuntu kernel: [    0.000000]  BIOS-e820: 0000000000000000 - 000000000009fc00 (usable)
May 29 11:58:43 ubuntu kernel: [    0.000000]  BIOS-e820: 000000000009fc00 - 00000000000a0000 (reserved)
May 29 11:58:43 ubuntu kernel: [    0.000000]  BIOS-e820: 00000000000f0000 - 0000000000100000 (reserved)
May 29 11:58:43 ubuntu kernel: [    0.000000]  BIOS-e820: 0000000000100000 - 000000001dff0000 (usable)
May 29 11:58:43 ubuntu kernel: [    0.000000]  BIOS-e820: 000000001dff0000 - 000000001dff3000 (ACPI NVS)
May 29 11:58:43 ubuntu kernel: [    0.000000]  BIOS-e820: 000000001dff3000 - 000000001e000000 (ACPI data)
May 29 11:58:43 ubuntu kernel: [    0.000000]  BIOS-e820: 00000000fec00000 - 00000000fec01000 (reserved)
May 29 11:58:43 ubuntu kernel: [    0.000000]  BIOS-e820: 00000000fee00000 - 00000000fee01000 (reserved)
May 29 11:58:43 ubuntu kernel: [    0.000000]  BIOS-e820: 00000000ffff0000 - 0000000100000000 (reserved)
May 29 11:58:43 ubuntu kernel: [    0.000000] DMI 2.3 present.
May 29 11:58:43 ubuntu kernel: [    0.000000] Phoenix BIOS detected: BIOS may corrupt low RAM, working it around.
May 29 11:58:43 ubuntu kernel: [    0.000000] last_pfn = 0x1dff0 max_arch_pfn = 0x100000
May 29 11:58:43 ubuntu kernel: [    0.000000] Scanning 0 areas for low memory corruption
May 29 11:58:43 ubuntu kernel: [    0.000000] modified physical RAM map:
May 29 11:58:43 ubuntu kernel: [    0.000000]  modified: 0000000000000000 - 0000000000010000 (reserved)
May 29 11:58:43 ubuntu kernel: [    0.000000]  modified: 0000000000010000 - 000000000009fc00 (usable)
May 29 11:58:43 ubuntu kernel: [    0.000000]  modified: 000000000009fc00 - 00000000000a0000 (reserved)
May 29 11:58:43 ubuntu kernel: [    0.000000]  modified: 00000000000f0000 - 0000000000100000 (reserved)
May 29 11:58:43 ubuntu kernel: [    0.000000]  modified: 0000000000100000 - 000000001dff0000 (usable)
May 29 11:58:43 ubuntu kernel: [    0.000000]  modified: 000000001dff0000 - 000000001dff3000 (ACPI NVS)
May 29 11:58:43 ubuntu kernel: [    0.000000]  modified: 000000001dff3000 - 000000001e000000 (ACPI data)
May 29 11:58:43 ubuntu kernel: [    0.000000]  modified: 00000000fec00000 - 00000000fec01000 (reserved)
May 29 11:58:43 ubuntu kernel: [    0.000000]  modified: 00000000fee00000 - 00000000fee01000 (reserved)
May 29 11:58:43 ubuntu kernel: [    0.000000]  modified: 00000000ffff0000 - 0000000100000000 (reserved)
May 29 11:58:43 ubuntu kernel: [    0.000000] kernel direct mapping tables up to 1dff0000 @ 10000-16000
May 29 11:58:43 ubuntu kernel: [    0.000000] RAMDISK: 1d85c000 - 1dfbf993
May 29 11:58:43 ubuntu kernel: [    0.000000] ACPI: RSDP 000F67E0, 0014 (r0 BIOSTA)
May 29 11:58:43 ubuntu kernel: [    0.000000] ACPI: RSDT 1DFF3000, 002C (r1 BIOSTA AWRDACPI 42302E31 AWRD        0)
May 29 11:58:43 ubuntu kernel: [    0.000000] ACPI: FACP 1DFF3040, 0074 (r1 BIOSTA AWRDACPI 42302E31 AWRD        0)
May 29 11:58:43 ubuntu kernel: [    0.000000] ACPI: DSDT 1DFF30C0, 3E7F (r1 BIOSTA AWRDACPI     1000 MSFT  100000C)
May 29 11:58:43 ubuntu kernel: [    0.000000] ACPI: FACS 1DFF0000, 0040
May 29 11:58:43 ubuntu kernel: [    0.000000] ACPI: APIC 1DFF6F40, 0054 (r1 BIOSTA AWRDACPI 42302E31 AWRD        0)
May 29 11:58:43 ubuntu kernel: [    0.000000] ACPI: Local APIC address 0xfee00000
May 29 11:58:43 ubuntu kernel: [    0.000000] 0MB HIGHMEM available.
May 29 11:58:43 ubuntu kernel: [    0.000000] 479MB LOWMEM available.
May 29 11:58:43 ubuntu kernel: [    0.000000]   mapped low ram: 0 - 1dff0000
May 29 11:58:43 ubuntu kernel: [    0.000000]   low ram: 00000000 - 1dff0000
May 29 11:58:43 ubuntu kernel: [    0.000000]   bootmap 00012000 - 00015c00
May 29 11:58:43 ubuntu kernel: [    0.000000] (9 early reservations) ==> bootmem [0000000000 - 001dff0000]
May 29 11:58:43 ubuntu kernel: [    0.000000]   #0 [0000000000 - 0000001000]   BIOS data page ==> [0000000000 - 0000001000]
May 29 11:58:43 ubuntu kernel: [    0.000000]   #1 [0000001000 - 0000002000]    EX TRAMPOLINE ==> [0000001000 - 0000002000]
May 29 11:58:43 ubuntu kernel: [    0.000000]   #2 [0000006000 - 0000007000]       TRAMPOLINE ==> [0000006000 - 0000007000]
May 29 11:58:43 ubuntu kernel: [    0.000000]   #3 [0000100000 - 000087c52c]    TEXT DATA BSS ==> [0000100000 - 000087c52c]
May 29 11:58:43 ubuntu kernel: [    0.000000]   #4 [001d85c000 - 001dfbf993]          RAMDISK ==> [001d85c000 - 001dfbf993]
May 29 11:58:43 ubuntu kernel: [    0.000000]   #5 [000087d000 - 0000881000]    INIT_PG_TABLE ==> [000087d000 - 0000881000]
May 29 11:58:43 ubuntu kernel: [    0.000000]   #6 [000009fc00 - 0000100000]    BIOS reserved ==> [000009fc00 - 0000100000]
May 29 11:58:43 ubuntu kernel: [    0.000000]   #7 [0000010000 - 0000012000]          PGTABLE ==> [0000010000 - 0000012000]
May 29 11:58:43 ubuntu kernel: [    0.000000]   #8 [0000012000 - 0000016000]          BOOTMAP ==> [0000012000 - 0000016000]
May 29 11:58:43 ubuntu kernel: [    0.000000] found SMP MP-table at [c00f4d50] 000f4d50
May 29 11:58:43 ubuntu kernel: [    0.000000] Zone PFN ranges:
May 29 11:58:43 ubuntu kernel: [    0.000000]   DMA      0x00000010 -> 0x00001000
May 29 11:58:43 ubuntu kernel: [    0.000000]   Normal   0x00001000 -> 0x0001dff0
May 29 11:58:43 ubuntu kernel: [    0.000000]   HighMem  0x0001dff0 -> 0x0001dff0
May 29 11:58:43 ubuntu kernel: [    0.000000] Movable zone start PFN for each node
May 29 11:58:43 ubuntu kernel: [    0.000000] early_node_map[2] active PFN ranges
May 29 11:58:43 ubuntu kernel: [    0.000000]     0: 0x00000010 -> 0x0000009f
May 29 11:58:43 ubuntu kernel: [    0.000000]     0: 0x00000100 -> 0x0001dff0
May 29 11:58:43 ubuntu kernel: [    0.000000] On node 0 totalpages: 122751
May 29 11:58:43 ubuntu kernel: [    0.000000] free_area_init_node: node 0, pgdat c06d0f80, node_mem_map c1000200
May 29 11:58:43 ubuntu kernel: [    0.000000]   DMA zone: 32 pages used for memmap
May 29 11:58:43 ubuntu kernel: [    0.000000]   DMA zone: 0 pages reserved
May 29 11:58:43 ubuntu kernel: [    0.000000]   DMA zone: 3951 pages, LIFO batch:0
May 29 11:58:43 ubuntu kernel: [    0.000000]   Normal zone: 928 pages used for memmap
May 29 11:58:43 ubuntu kernel: [    0.000000]   Normal zone: 117840 pages, LIFO batch:31
May 29 11:58:43 ubuntu kernel: [    0.000000]   HighMem zone: 0 pages used for memmap
May 29 11:58:43 ubuntu kernel: [    0.000000]   Movable zone: 0 pages used for memmap
May 29 11:58:43 ubuntu kernel: [    0.000000] ACPI: PM-Timer IO Port: 0x4008
May 29 11:58:43 ubuntu kernel: [    0.000000] ACPI: Local APIC address 0xfee00000
May 29 11:58:43 ubuntu kernel: [    0.000000] ACPI: LAPIC (acpi_id[0x00] lapic_id[0x00] enabled)
May 29 11:58:43 ubuntu kernel: [    0.000000] ACPI: IOAPIC (id[0x02] address[0xfec00000] gsi_base[0])
May 29 11:58:43 ubuntu kernel: [    0.000000] IOAPIC[0]: apic_id 2, version 2, address 0xfec00000, GSI 0-23
May 29 11:58:43 ubuntu kernel: [    0.000000] ACPI: INT_SRC_OVR (bus 0 bus_irq 0 global_irq 2 dfl dfl)
May 29 11:58:43 ubuntu kernel: [    0.000000] ACPI: INT_SRC_OVR (bus 0 bus_irq 9 global_irq 9 dfl dfl)
May 29 11:58:43 ubuntu kernel: [    0.000000] ACPI: IRQ0 used by override.
May 29 11:58:43 ubuntu kernel: [    0.000000] ACPI: IRQ2 used by override.
May 29 11:58:43 ubuntu kernel: [    0.000000] ACPI: IRQ9 used by override.
May 29 11:58:43 ubuntu kernel: [    0.000000] Enabling APIC mode:  Flat.  Using 1 I/O APICs
May 29 11:58:43 ubuntu kernel: [    0.000000] Using ACPI (MADT) for SMP configuration information
May 29 11:58:43 ubuntu kernel: [    0.000000] SMP: Allowing 1 CPUs, 0 hotplug CPUs
May 29 11:58:43 ubuntu kernel: [    0.000000] PM: Registered nosave memory: 000000000009f000 - 00000000000a0000
May 29 11:58:43 ubuntu kernel: [    0.000000] PM: Registered nosave memory: 00000000000a0000 - 00000000000f0000
May 29 11:58:43 ubuntu kernel: [    0.000000] PM: Registered nosave memory: 00000000000f0000 - 0000000000100000
May 29 11:58:43 ubuntu kernel: [    0.000000] Allocating PCI resources starting at 20000000 (gap: 1e000000:e0c00000)
May 29 11:58:43 ubuntu kernel: [    0.000000] PERCPU: Allocating 45056 bytes of per cpu data
May 29 11:58:43 ubuntu kernel: [    0.000000] NR_CPUS: 64, nr_cpu_ids: 1, nr_node_ids 1
May 29 11:58:43 ubuntu kernel: [    0.000000] Built 1 zonelists in Zone order, mobility grouping on.  Total pages: 121791
May 29 11:58:43 ubuntu kernel: [    0.000000] Kernel command line: BOOT_IMAGE=/casper/vmlinuz file=/cdrom/preseed/ubuntu.seed boot=casper only-ubiquity initrd=/casper/initrd.gz quiet splash --
May 29 11:58:43 ubuntu kernel: [    0.000000] Enabling fast FPU save and restore... done.
May 29 11:58:43 ubuntu kernel: [    0.000000] Enabling unmasked SIMD FPU exception support... done.
May 29 11:58:43 ubuntu kernel: [    0.000000] Initializing CPU#0
May 29 11:58:43 ubuntu kernel: [    0.000000] PID hash table entries: 2048 (order: 11, 8192 bytes)
May 29 11:58:43 ubuntu kernel: [    0.000000] Fast TSC calibration using PIT
May 29 11:58:43 ubuntu kernel: [    0.000000] Detected 1466.155 MHz processor.
May 29 11:58:43 ubuntu kernel: [    0.004000] Console: colour VGA+ 80x25
May 29 11:58:43 ubuntu kernel: [    0.004000] console [tty0] enabled
May 29 11:58:43 ubuntu kernel: [    0.004000] Dentry cache hash table entries: 65536 (order: 6, 262144 bytes)
May 29 11:58:43 ubuntu kernel: [    0.004000] Inode-cache hash table entries: 32768 (order: 5, 131072 bytes)
May 29 11:58:43 ubuntu kernel: [    0.004000] allocated 2456960 bytes of page_cgroup
May 29 11:58:43 ubuntu kernel: [    0.004000] please try cgroup_disable=memory option if you don't want
May 29 11:58:43 ubuntu kernel: [    0.004000] Scanning for low memory corruption every 60 seconds
May 29 11:58:43 ubuntu kernel: [    0.004000] Memory: 468764k/491456k available (4126k kernel code, 21976k reserved, 2208k data, 532k init, 0k highmem)
May 29 11:58:43 ubuntu kernel: [    0.004000] virtual kernel memory layout:
May 29 11:58:43 ubuntu kernel: [    0.004000]     fixmap  : 0xffc77000 - 0xfffff000   (3616 kB)
May 29 11:58:43 ubuntu kernel: [    0.004000]     pkmap   : 0xff400000 - 0xff800000   (4096 kB)
May 29 11:58:43 ubuntu kernel: [    0.004000]     vmalloc : 0xde7f0000 - 0xff3fe000   ( 524 MB)
May 29 11:58:43 ubuntu kernel: [    0.004000]     lowmem  : 0xc0000000 - 0xddff0000   ( 479 MB)
May 29 11:58:43 ubuntu kernel: [    0.004000]       .init : 0xc0737000 - 0xc07bc000   ( 532 kB)
May 29 11:58:43 ubuntu kernel: [    0.004000]       .data : 0xc0507a6f - 0xc072fe60   (2208 kB)
May 29 11:58:43 ubuntu kernel: [    0.004000]       .text : 0xc0100000 - 0xc0507a6f   (4126 kB)
May 29 11:58:43 ubuntu kernel: [    0.004000] Checking if this processor honours the WP bit even in supervisor mode...Ok.
May 29 11:58:43 ubuntu kernel: [    0.004000] SLUB: Genslabs=12, HWalign=32, Order=0-3, MinObjects=0, CPUs=1, Nodes=1
May 29 11:58:43 ubuntu kernel: [    0.004020] Calibrating delay loop (skipped), value calculated using timer frequency.. 2932.31 BogoMIPS (lpj=5864620)
May 29 11:58:43 ubuntu kernel: [    0.004056] Security Framework initialized
May 29 11:58:43 ubuntu kernel: [    0.004070] SELinux:  Disabled at boot.
May 29 11:58:43 ubuntu kernel: [    0.004119] AppArmor: AppArmor initialized
May 29 11:58:43 ubuntu kernel: [    0.004133] Mount-cache hash table entries: 512
May 29 11:58:43 ubuntu kernel: [    0.004380] Initializing cgroup subsys ns
May 29 11:58:43 ubuntu kernel: [    0.004387] Initializing cgroup subsys cpuacct
May 29 11:58:43 ubuntu kernel: [    0.004390] Initializing cgroup subsys memory
May 29 11:58:43 ubuntu kernel: [    0.004397] Initializing cgroup subsys freezer
May 29 11:58:43 ubuntu kernel: [    0.004419] CPU: L1 I Cache: 64K (64 bytes/line), D cache 64K (64 bytes/line)
May 29 11:58:43 ubuntu kernel: [    0.004423] CPU: L2 Cache: 256K (64 bytes/line)
May 29 11:58:43 ubuntu kernel: [    0.004450] Checking 'hlt' instruction... OK.
May 29 11:58:43 ubuntu kernel: [    0.020671] SMP alternatives: switching to UP code
May 29 11:58:43 ubuntu kernel: [    0.228416] Freeing SMP alternatives: 18k freed
May 29 11:58:43 ubuntu kernel: [    0.228425] ACPI: Core revision 20080926
May 29 11:58:43 ubuntu kernel: [    0.231508] ACPI: Checking initramfs for custom DSDT
May 29 11:58:43 ubuntu kernel: [    0.645526] ..TIMER: vector=0x30 apic1=0 pin1=2 apic2=-1 pin2=-1
May 29 11:58:43 ubuntu kernel: [    0.685995] CPU0: AMD Athlon(tm) XP 1700+ stepping 00
May 29 11:58:43 ubuntu kernel: [    0.688002] Brought up 1 CPUs
May 29 11:58:43 ubuntu kernel: [    0.688002] Total of 1 processors activated (2932.31 BogoMIPS).
May 29 11:58:43 ubuntu kernel: [    0.688002] CPU0 attaching NULL sched-domain.
May 29 11:58:43 ubuntu kernel: [    0.688002] net_namespace: 776 bytes
May 29 11:58:43 ubuntu kernel: [    0.688002] Booting paravirtualized kernel on bare hardware
May 29 11:58:43 ubuntu kernel: [    0.688002] Time: 11:57:24  Date: 05/29/09
May 29 11:58:43 ubuntu kernel: [    0.688002] regulator: core version 0.5
May 29 11:58:43 ubuntu kernel: [    0.688002] NET: Registered protocol family 16
May 29 11:58:43 ubuntu kernel: [    0.688002] EISA bus registered
May 29 11:58:43 ubuntu kernel: [    0.688002] ACPI: bus type pci registered
May 29 11:58:43 ubuntu kernel: [    0.766067] PCI: PCI BIOS revision 2.10 entry at 0xfb3e0, last bus=1
May 29 11:58:43 ubuntu kernel: [    0.766071] PCI: Using configuration type 1 for base access
May 29 11:58:43 ubuntu kernel: [    0.768327] ACPI: EC: Look up EC in DSDT
May 29 11:58:43 ubuntu kernel: [    0.776046] ACPI: Interpreter enabled
May 29 11:58:43 ubuntu kernel: [    0.776052] ACPI: (supports S0 S1 S4 S5)
May 29 11:58:43 ubuntu kernel: [    0.776082] ACPI: Using IOAPIC for interrupt routing
May 29 11:58:43 ubuntu kernel: [    0.782578] ACPI: No dock devices found.
May 29 11:58:43 ubuntu kernel: [    0.782594] ACPI: PCI Root Bridge [PCI0] (0000:00)
May 29 11:58:43 ubuntu kernel: [    0.782672] pci 0000:00:00.0: reg 10 32bit mmio: [0xe8000000-0xebffffff]
May 29 11:58:43 ubuntu kernel: [    0.782747] pci 0000:00:01.0: supports D1
May 29 11:58:43 ubuntu kernel: [    0.782787] pci 0000:00:09.0: reg 10 32bit mmio: [0xef000000-0xef00ffff]
May 29 11:58:43 ubuntu kernel: [    0.782795] pci 0000:00:09.0: reg 14 io port: [0xd000-0xd007]
May 29 11:58:43 ubuntu kernel: [    0.782825] pci 0000:00:09.0: PME# supported from D3hot D3cold
May 29 11:58:43 ubuntu kernel: [    0.782831] pci 0000:00:09.0: PME# disabled
May 29 11:58:43 ubuntu kernel: [    0.782867] pci 0000:00:0b.0: reg 10 io port: [0xd400-0xd4ff]
May 29 11:58:43 ubuntu kernel: [    0.782875] pci 0000:00:0b.0: reg 14 32bit mmio: [0xef010000-0xef0100ff]
May 29 11:58:43 ubuntu kernel: [    0.782900] pci 0000:00:0b.0: reg 30 32bit mmio: [0x000000-0x00ffff]
May 29 11:58:43 ubuntu kernel: [    0.782910] pci 0000:00:0b.0: supports D1 D2
May 29 11:58:43 ubuntu kernel: [    0.782912] pci 0000:00:0b.0: PME# supported from D1 D2 D3hot D3cold
May 29 11:58:43 ubuntu kernel: [    0.782917] pci 0000:00:0b.0: PME# disabled
May 29 11:58:43 ubuntu kernel: [    0.783033] pci 0000:00:11.1: reg 20 io port: [0xd800-0xd80f]
May 29 11:58:43 ubuntu kernel: [    0.783097] pci 0000:00:11.2: reg 20 io port: [0xdc00-0xdc1f]
May 29 11:58:43 ubuntu kernel: [    0.783159] pci 0000:00:11.3: reg 20 io port: [0xe000-0xe01f]
May 29 11:58:43 ubuntu kernel: [    0.783207] pci 0000:00:11.5: reg 10 io port: [0xe400-0xe4ff]
May 29 11:58:43 ubuntu kernel: [    0.783297] pci 0000:01:00.0: reg 10 32bit mmio: [0xed000000-0xed07ffff]
May 29 11:58:43 ubuntu kernel: [    0.783304] pci 0000:01:00.0: reg 14 32bit mmio: [0xe0000000-0xe7ffffff]
May 29 11:58:43 ubuntu kernel: [    0.783325] pci 0000:01:00.0: reg 30 32bit mmio: [0x000000-0x00ffff]
May 29 11:58:43 ubuntu kernel: [    0.783333] pci 0000:01:00.0: supports D1 D2
May 29 11:58:43 ubuntu kernel: [    0.783371] pci 0000:00:01.0: bridge 32bit mmio: [0xec000000-0xedffffff]
May 29 11:58:43 ubuntu kernel: [    0.783377] pci 0000:00:01.0: bridge 32bit mmio pref: [0xe0000000-0xe7ffffff]
May 29 11:58:43 ubuntu kernel: [    0.783386] bus 00 -> node 0
May 29 11:58:43 ubuntu kernel: [    0.783396] ACPI: PCI Interrupt Routing Table [\_SB_.PCI0._PRT]
May 29 11:58:43 ubuntu kernel: [    0.805649] ACPI: PCI Interrupt Link [LNKA] (IRQs 1 3 4 5 6 7 10 *11 12 14 15)
May 29 11:58:43 ubuntu kernel: [    0.805936] ACPI: PCI Interrupt Link [LNKB] (IRQs 1 3 4 5 6 7 10 *11 12 14 15)
May 29 11:58:43 ubuntu kernel: [    0.806224] ACPI: PCI Interrupt Link [LNKC] (IRQs 1 *3 4 5 6 7 10 11 12 14 15)
May 29 11:58:43 ubuntu kernel: [    0.806509] ACPI: PCI Interrupt Link [LNKD] (IRQs 1 3 4 *5 6 7 10 11 12 14 15)
May 29 11:58:43 ubuntu kernel: [    0.806857] ACPI: PCI Interrupt Link [ALKA] (IRQs 16 17 18 19 20 21 22 23) *0
May 29 11:58:43 ubuntu kernel: [    0.807170] ACPI: PCI Interrupt Link [ALKB] (IRQs 16 17 18 19 20 21 22 23) *0
May 29 11:58:43 ubuntu kernel: [    0.807515] ACPI: PCI Interrupt Link [ALKC] (IRQs 22) *0
May 29 11:58:43 ubuntu kernel: [    0.807823] ACPI: PCI Interrupt Link [ALKD] (IRQs 21) *0
May 29 11:58:43 ubuntu kernel: [    0.808038] ACPI: WMI: Mapper loaded
May 29 11:58:43 ubuntu kernel: [    0.808434] SCSI subsystem initialized
May 29 11:58:43 ubuntu kernel: [    0.808518] libata version 3.00 loaded.
May 29 11:58:43 ubuntu kernel: [    0.808617] usbcore: registered new interface driver usbfs
May 29 11:58:43 ubuntu kernel: [    0.808645] usbcore: registered new interface driver hub
May 29 11:58:43 ubuntu kernel: [    0.808695] usbcore: registered new device driver usb
May 29 11:58:43 ubuntu kernel: [    0.808897] PCI: Using ACPI for IRQ routing
May 29 11:58:43 ubuntu kernel: [    0.809019] Bluetooth: Core ver 2.13
May 29 11:58:43 ubuntu kernel: [    0.809019] NET: Registered protocol family 31
May 29 11:58:43 ubuntu kernel: [    0.809019] Bluetooth: HCI device and connection manager initialized
May 29 11:58:43 ubuntu kernel: [    0.809019] Bluetooth: HCI socket layer initialized
May 29 11:58:43 ubuntu kernel: [    0.809019] NET: Registered protocol family 8
May 29 11:58:43 ubuntu kernel: [    0.809019] NET: Registered protocol family 20
May 29 11:58:43 ubuntu kernel: [    0.809019] NetLabel: Initializing
May 29 11:58:43 ubuntu kernel: [    0.809019] NetLabel:  domain hash size = 128
May 29 11:58:43 ubuntu kernel: [    0.809019] NetLabel:  protocols = UNLABELED CIPSOv4
May 29 11:58:43 ubuntu kernel: [    0.809019] NetLabel:  unlabeled traffic allowed by default
May 29 11:58:43 ubuntu kernel: [    0.809019] AppArmor: AppArmor Filesystem Enabled
May 29 11:58:43 ubuntu kernel: [    0.809019] pnp: PnP ACPI init
May 29 11:58:43 ubuntu kernel: [    0.809019] ACPI: bus type pnp registered
May 29 11:58:43 ubuntu kernel: [    0.815285] pnp: PnP ACPI: found 14 devices
May 29 11:58:43 ubuntu kernel: [    0.815289] ACPI: ACPI bus type pnp unregistered
May 29 11:58:43 ubuntu kernel: [    0.815294] PnPBIOS: Disabled by ACPI PNP
May 29 11:58:43 ubuntu kernel: [    0.815312] system 00:00: iomem range 0xcd000-0xcffff has been reserved
May 29 11:58:43 ubuntu kernel: [    0.815317] system 00:00: iomem range 0xf0000-0xf7fff could not be reserved
May 29 11:58:43 ubuntu kernel: [    0.815321] system 00:00: iomem range 0xf8000-0xfbfff could not be reserved
May 29 11:58:43 ubuntu kernel: [    0.815325] system 00:00: iomem range 0xfc000-0xfffff could not be reserved
May 29 11:58:43 ubuntu kernel: [    0.815329] system 00:00: iomem range 0x1dff0000-0x1dffffff could not be reserved
May 29 11:58:43 ubuntu kernel: [    0.815333] system 00:00: iomem range 0xffff0000-0xffffffff has been reserved
May 29 11:58:43 ubuntu kernel: [    0.815337] system 00:00: iomem range 0x0-0x9ffff could not be reserved
May 29 11:58:43 ubuntu kernel: [    0.815341] system 00:00: iomem range 0x100000-0x1dfeffff could not be reserved
May 29 11:58:43 ubuntu kernel: [    0.815345] system 00:00: iomem range 0xfec00000-0xfec00fff has been reserved
May 29 11:58:43 ubuntu kernel: [    0.815349] system 00:00: iomem range 0xfee00000-0xfee00fff has been reserved
May 29 11:58:43 ubuntu kernel: [    0.815353] system 00:00: iomem range 0xfff80000-0xfffeffff has been reserved
May 29 11:58:43 ubuntu kernel: [    0.815363] system 00:02: ioport range 0x4d0-0x4d1 has been reserved
May 29 11:58:43 ubuntu kernel: [    0.815367] system 00:02: ioport range 0x294-0x297 has been reserved
May 29 11:58:43 ubuntu kernel: [    0.850188] pci 0000:00:01.0: PCI bridge, secondary bus 0000:01
May 29 11:58:43 ubuntu kernel: [    0.850192] pci 0000:00:01.0:   IO window: disabled
May 29 11:58:43 ubuntu kernel: [    0.850199] pci 0000:00:01.0:   MEM window: 0xec000000-0xedffffff
May 29 11:58:43 ubuntu kernel: [    0.850204] pci 0000:00:01.0:   PREFETCH window: 0x000000e0000000-0x000000e7ffffff
May 29 11:58:43 ubuntu kernel: [    0.850225] pci 0000:00:01.0: setting latency timer to 64
May 29 11:58:43 ubuntu kernel: [    0.850231] bus: 00 index 0 io port: [0x00-0xffff]
May 29 11:58:43 ubuntu kernel: [    0.850234] bus: 00 index 1 mmio: [0x000000-0xffffffff]
May 29 11:58:43 ubuntu kernel: [    0.850238] bus: 01 index 0 mmio: [0x0-0x0]
May 29 11:58:43 ubuntu kernel: [    0.850241] bus: 01 index 1 mmio: [0xec000000-0xedffffff]
May 29 11:58:43 ubuntu kernel: [    0.850244] bus: 01 index 2 mmio: [0xe0000000-0xe7ffffff]
May 29 11:58:43 ubuntu kernel: [    0.850247] bus: 01 index 3 mmio: [0x0-0x0]
May 29 11:58:43 ubuntu kernel: [    0.850269] NET: Registered protocol family 2
May 29 11:58:43 ubuntu kernel: [    0.850475] IP route cache hash table entries: 4096 (order: 2, 16384 bytes)
May 29 11:58:43 ubuntu kernel: [    0.850895] TCP established hash table entries: 16384 (order: 5, 131072 bytes)
May 29 11:58:43 ubuntu kernel: [    0.851201] TCP bind hash table entries: 16384 (order: 5, 131072 bytes)
May 29 11:58:43 ubuntu kernel: [    0.851519] TCP: Hash tables configured (established 16384 bind 16384)
May 29 11:58:43 ubuntu kernel: [    0.851524] TCP reno registered
May 29 11:58:43 ubuntu kernel: [    0.851707] NET: Registered protocol family 1
May 29 11:58:43 ubuntu kernel: [    0.851930] checking if image is initramfs... it is
May 29 11:58:43 ubuntu kernel: [    1.352167] Switched to high resolution mode on CPU 0
May 29 11:58:43 ubuntu kernel: [    1.759051] Freeing initrd memory: 7566k freed
May 29 11:58:43 ubuntu kernel: [    1.759266] cpufreq: No nForce2 chipset.
May 29 11:58:43 ubuntu kernel: [    1.759514] audit: initializing netlink socket (disabled)
May 29 11:58:43 ubuntu kernel: [    1.759550] type=2000 audit(1243598244.756:1): initialized
May 29 11:58:43 ubuntu kernel: [    1.770261] HugeTLB registered 4 MB page size, pre-allocated 0 pages
May 29 11:58:43 ubuntu kernel: [    1.772190] VFS: Disk quotas dquot_6.5.1
May 29 11:58:43 ubuntu kernel: [    1.772282] Dquot-cache hash table entries: 1024 (order 0, 4096 bytes)
May 29 11:58:43 ubuntu kernel: [    1.773217] fuse init (API version 7.10)
May 29 11:58:43 ubuntu kernel: [    1.773344] msgmni has been set to 930
May 29 11:58:43 ubuntu kernel: [    1.773692] alg: No test for stdrng (krng)
May 29 11:58:43 ubuntu kernel: [    1.773714] io scheduler noop registered
May 29 11:58:43 ubuntu kernel: [    1.773717] io scheduler anticipatory registered
May 29 11:58:43 ubuntu kernel: [    1.773720] io scheduler deadline registered
May 29 11:58:43 ubuntu kernel: [    1.773743] io scheduler cfq registered (default)
May 29 11:58:43 ubuntu kernel: [    1.773770] PCI: VIA PCI bridge detected.Disabling DAC.
May 29 11:58:43 ubuntu kernel: [    1.773819] pci 0000:01:00.0: Boot video device
May 29 11:58:43 ubuntu kernel: [    1.778743] pci_hotplug: PCI Hot Plug PCI Core version: 0.5
May 29 11:58:43 ubuntu kernel: [    1.778757] pciehp: PCI Express Hot Plug Controller Driver version: 0.4
May 29 11:58:43 ubuntu kernel: [    1.778979] input: Power Button (FF) as /devices/LNXSYSTM:00/LNXPWRBN:00/input/input0
May 29 11:58:43 ubuntu kernel: [    1.778984] ACPI: Power Button (FF) [PWRF]
May 29 11:58:43 ubuntu kernel: [    1.779048] input: Power Button (CM) as /devices/LNXSYSTM:00/device:00/PNP0C0C:00/input/input1
May 29 11:58:43 ubuntu kernel: [    1.779052] ACPI: Power Button (CM) [PWRB]
May 29 11:58:43 ubuntu kernel: [    1.779120] input: Sleep Button (CM) as /devices/LNXSYSTM:00/device:00/PNP0C0E:00/input/input2
May 29 11:58:43 ubuntu kernel: [    1.779130] ACPI: Sleep Button (CM) [SLPB]
May 29 11:58:43 ubuntu kernel: [    1.779199] fan PNP0C0B:00: registered as cooling_device0
May 29 11:58:43 ubuntu kernel: [    1.779208] ACPI: Fan [FAN] (on)
May 29 11:58:43 ubuntu kernel: [    1.779540] processor ACPI_CPU:00: registered as cooling_device1
May 29 11:58:43 ubuntu kernel: [    1.779545] ACPI: Processor [CPU0] (supports 2 throttling states)
May 29 11:58:43 ubuntu kernel: [    1.783127] thermal LNXTHERM:01: registered as thermal_zone0
May 29 11:58:43 ubuntu kernel: [    1.784115] ACPI: Thermal Zone [THRM] (52 C)
May 29 11:58:43 ubuntu kernel: [    1.784174] isapnp: Scanning for PnP cards...
May 29 11:58:43 ubuntu kernel: [    2.137845] isapnp: No Plug & Play device found
May 29 11:58:43 ubuntu kernel: [    2.139997] Serial: 8250/16550 driver4 ports, IRQ sharing enabled
May 29 11:58:43 ubuntu kernel: [    2.140130] serial8250: ttyS0 at I/O 0x3f8 (irq = 4) is a 16550A
May 29 11:58:43 ubuntu kernel: [    2.140544] 00:08: ttyS0 at I/O 0x3f8 (irq = 4) is a 16550A
May 29 11:58:43 ubuntu kernel: [    2.141806] brd: module loaded
May 29 11:58:43 ubuntu kernel: [    2.142286] loop: module loaded
May 29 11:58:43 ubuntu kernel: [    2.142424] Fixed MDIO Bus: probed
May 29 11:58:43 ubuntu kernel: [    2.142435] PPP generic driver version 2.4.2
May 29 11:58:43 ubuntu kernel: [    2.142534] input: Macintosh mouse button emulation as /devices/virtual/input/input3
May 29 11:58:43 ubuntu kernel: [    2.142589] Driver 'sd' needs updating - please use bus_type methods
May 29 11:58:43 ubuntu kernel: [    2.142602] Driver 'sr' needs updating - please use bus_type methods
May 29 11:58:43 ubuntu kernel: [    2.143299] pata_via 0000:00:11.1: version 0.3.3
May 29 11:58:43 ubuntu kernel: [    2.143865] ACPI: PCI Interrupt Link [ALKA] BIOS reported IRQ 0, using IRQ 23
May 29 11:58:43 ubuntu kernel: [    2.143869] ACPI: PCI Interrupt Link [ALKA] enabled at IRQ 23
May 29 11:58:43 ubuntu kernel: [    2.143889] pata_via 0000:00:11.1: PCI INT A -> Link[ALKA] -> GSI 23 (level, low) -> IRQ 23
May 29 11:58:43 ubuntu kernel: [    2.144307] scsi0 : pata_via
May 29 11:58:43 ubuntu kernel: [    2.144508] scsi1 : pata_via
May 29 11:58:43 ubuntu kernel: [    2.148244] ata1: PATA max UDMA/133 cmd 0x1f0 ctl 0x3f6 bmdma 0xd800 irq 14
May 29 11:58:43 ubuntu kernel: [    2.148249] ata2: PATA max UDMA/133 cmd 0x170 ctl 0x376 bmdma 0xd808 irq 15
May 29 11:58:43 ubuntu kernel: [    2.489426] ata1.00: ATA-6: SAMSUNG SV0602H, RH100-15, max UDMA/100
May 29 11:58:43 ubuntu kernel: [    2.489431] ata1.00: 117304992 sectors, multi 16: LBA 
May 29 11:58:43 ubuntu kernel: [    2.489474] ata1.01: ATAPI: SONY    DVD RW DRU-190A, 1.65, max UDMA/66
May 29 11:58:43 ubuntu kernel: [    2.505287] ata1.00: configured for UDMA/100
May 29 11:58:43 ubuntu kernel: [    2.520257] ata1.01: configured for UDMA/66
May 29 11:58:43 ubuntu kernel: [    2.749296] ata2.00: ATA-7: ST3500630AS, 3.AAK, max UDMA/133
May 29 11:58:43 ubuntu kernel: [    2.749300] ata2.00: 976773168 sectors, multi 16: LBA48 NCQ (depth 0/1)
May 29 11:58:43 ubuntu kernel: [    2.749328] ata2.00: limited to UDMA/33 due to 40-wire cable
May 29 11:58:43 ubuntu kernel: [    2.815944] ata2.00: configured for UDMA/33
May 29 11:58:43 ubuntu kernel: [    2.816166] scsi 0:0:0:0: Direct-Access     ATA      SAMSUNG SV0602H  RH10 PQ: 0 ANSI: 5
May 29 11:58:43 ubuntu kernel: [    2.816352] sd 0:0:0:0: [sda] 117304992 512-byte hardware sectors: (60.0 GB/55.9 GiB)
May 29 11:58:43 ubuntu kernel: [    2.816383] sd 0:0:0:0: [sda] Write Protect is off
May 29 11:58:43 ubuntu kernel: [    2.816387] sd 0:0:0:0: [sda] Mode Sense: 00 3a 00 00
May 29 11:58:43 ubuntu kernel: [    2.816432] sd 0:0:0:0: [sda] Write cache: enabled, read cache: enabled, doesn't support DPO or FUA
May 29 11:58:43 ubuntu kernel: [    2.816560] sd 0:0:0:0: [sda] 117304992 512-byte hardware sectors: (60.0 GB/55.9 GiB)
May 29 11:58:43 ubuntu kernel: [    2.816585] sd 0:0:0:0: [sda] Write Protect is off
May 29 11:58:43 ubuntu kernel: [    2.816589] sd 0:0:0:0: [sda] Mode Sense: 00 3a 00 00
May 29 11:58:43 ubuntu kernel: [    2.816630] sd 0:0:0:0: [sda] Write cache: enabled, read cache: enabled, doesn't support DPO or FUA
May 29 11:58:43 ubuntu kernel: [    2.816637]  sda: sda1 sda2 sda3 sda4 < sda5 sda6 sda7 sda8 sda9 sda10 sda11 sda12 sda13 >
May 29 11:58:43 ubuntu kernel: [    2.947081] sd 0:0:0:0: [sda] Attached SCSI disk
May 29 11:58:43 ubuntu kernel: [    2.947177] sd 0:0:0:0: Attached scsi generic sg0 type 0
May 29 11:58:43 ubuntu kernel: [    2.948331] scsi 0:0:1:0: CD-ROM            SONY     DVD RW DRU-190A  1.65 PQ: 0 ANSI: 5
May 29 11:58:43 ubuntu kernel: [    2.954311] sr0: scsi3-mmc drive: 48x/48x writer dvd-ram cd/rw xa/form2 cdda tray
May 29 11:58:43 ubuntu kernel: [    2.954317] Uniform CD-ROM driver Revision: 3.20
May 29 11:58:43 ubuntu kernel: [    2.954492] sr 0:0:1:0: Attached scsi CD-ROM sr0
May 29 11:58:43 ubuntu kernel: [    2.954555] sr 0:0:1:0: Attached scsi generic sg1 type 5
May 29 11:58:43 ubuntu kernel: [    2.954665] scsi 1:0:0:0: Direct-Access     ATA      ST3500630AS      3.AA PQ: 0 ANSI: 5
May 29 11:58:43 ubuntu kernel: [    2.954802] sd 1:0:0:0: [sdb] 976773168 512-byte hardware sectors: (500 GB/465 GiB)
May 29 11:58:43 ubuntu kernel: [    2.954830] sd 1:0:0:0: [sdb] Write Protect is off
May 29 11:58:43 ubuntu kernel: [    2.954834] sd 1:0:0:0: [sdb] Mode Sense: 00 3a 00 00
May 29 11:58:43 ubuntu kernel: [    2.954877] sd 1:0:0:0: [sdb] Write cache: enabled, read cache: enabled, doesn't support DPO or FUA
May 29 11:58:43 ubuntu kernel: [    2.954976] sd 1:0:0:0: [sdb] 976773168 512-byte hardware sectors: (500 GB/465 GiB)
May 29 11:58:43 ubuntu kernel: [    2.955001] sd 1:0:0:0: [sdb] Write Protect is off
May 29 11:58:43 ubuntu kernel: [    2.955004] sd 1:0:0:0: [sdb] Mode Sense: 00 3a 00 00
May 29 11:58:43 ubuntu kernel: [    2.955045] sd 1:0:0:0: [sdb] Write cache: enabled, read cache: enabled, doesn't support DPO or FUA
May 29 11:58:43 ubuntu kernel: [    2.955052]  sdb: sdb1 sdb2 sdb3 sdb4 < sdb5 sdb6 sdb7 sdb8 sdb9 sdb10 sdb11 sdb12 sdb13 sdb14 sdb15 sdb16 sdb17 sdb18 sdb19 >
May 29 11:58:43 ubuntu kernel: [    3.127719]  sdb3: <bsd:bad subpartition - ignored
May 29 11:58:43 ubuntu kernel: [    3.127723] bad subpartition - ignored
May 29 11:58:43 ubuntu kernel: [    3.127725]  >
May 29 11:58:43 ubuntu kernel: [    3.128466] sd 1:0:0:0: [sdb] Attached SCSI disk
May 29 11:58:43 ubuntu kernel: [    3.128547] sd 1:0:0:0: Attached scsi generic sg2 type 0
May 29 11:58:43 ubuntu kernel: [    3.128786] ehci_hcd: USB 2.0 'Enhanced' Host Controller (EHCI) Driver
May 29 11:58:43 ubuntu kernel: [    3.128811] ohci_hcd: USB 1.1 'Open' Host Controller (OHCI) Driver
May 29 11:58:43 ubuntu kernel: [    3.128829] uhci_hcd: USB Universal Host Controller Interface driver
May 29 11:58:43 ubuntu kernel: [    3.129453] ACPI: PCI Interrupt Link [ALKD] BIOS reported IRQ 0, using IRQ 21
May 29 11:58:43 ubuntu kernel: [    3.129458] ACPI: PCI Interrupt Link [ALKD] enabled at IRQ 21
May 29 11:58:43 ubuntu kernel: [    3.129473] uhci_hcd 0000:00:11.2: PCI INT D -> Link[ALKD] -> GSI 21 (level, low) -> IRQ 21
May 29 11:58:43 ubuntu kernel: [    3.129490] uhci_hcd 0000:00:11.2: UHCI Host Controller
May 29 11:58:43 ubuntu kernel: [    3.129591] uhci_hcd 0000:00:11.2: new USB bus registered, assigned bus number 1
May 29 11:58:43 ubuntu kernel: [    3.129661] uhci_hcd 0000:00:11.2: irq 21, io base 0x0000dc00
May 29 11:58:43 ubuntu kernel: [    3.129818] usb usb1: configuration #1 chosen from 1 choice
May 29 11:58:43 ubuntu kernel: [    3.129875] hub 1-0:1.0: USB hub found
May 29 11:58:43 ubuntu kernel: [    3.129897] hub 1-0:1.0: 2 ports detected
May 29 11:58:43 ubuntu kernel: [    3.130046] uhci_hcd 0000:00:11.3: PCI INT D -> Link[ALKD] -> GSI 21 (level, low) -> IRQ 21
May 29 11:58:43 ubuntu kernel: [    3.130056] uhci_hcd 0000:00:11.3: UHCI Host Controller
May 29 11:58:43 ubuntu kernel: [    3.130115] uhci_hcd 0000:00:11.3: new USB bus registered, assigned bus number 2
May 29 11:58:43 ubuntu kernel: [    3.130137] uhci_hcd 0000:00:11.3: irq 21, io base 0x0000e000
May 29 11:58:43 ubuntu kernel: [    3.130261] usb usb2: configuration #1 chosen from 1 choice
May 29 11:58:43 ubuntu kernel: [    3.130297] hub 2-0:1.0: USB hub found
May 29 11:58:43 ubuntu kernel: [    3.130313] hub 2-0:1.0: 2 ports detected
May 29 11:58:43 ubuntu kernel: [    3.130488] usbcore: registered new interface driver libusual
May 29 11:58:43 ubuntu kernel: [    3.130550] usbcore: registered new interface driver usbserial
May 29 11:58:43 ubuntu kernel: [    3.130567] USB Serial support registered for generic
May 29 11:58:43 ubuntu kernel: [    3.130585] usbcore: registered new interface driver usbserial_generic
May 29 11:58:43 ubuntu kernel: [    3.130588] usbserial: USB Serial Driver core
May 29 11:58:43 ubuntu kernel: [    3.130660] PNP: PS/2 Controller [PNP0303:PS2K,PNP0f13:PS2M] at 0x60,0x64 irq 1,12
May 29 11:58:43 ubuntu kernel: [    3.131107] serio: i8042 KBD port at 0x60,0x64 irq 1
May 29 11:58:43 ubuntu kernel: [    3.131118] serio: i8042 AUX port at 0x60,0x64 irq 12
May 29 11:58:43 ubuntu kernel: [    3.131370] mice: PS/2 mouse device common for all mice
May 29 11:58:43 ubuntu kernel: [    3.131586] rtc_cmos 00:04: RTC can wake from S4
May 29 11:58:43 ubuntu kernel: [    3.131657] rtc_cmos 00:04: rtc core: registered rtc_cmos as rtc0
May 29 11:58:43 ubuntu kernel: [    3.131709] rtc0: alarms up to one year, y3k, 242 bytes nvram
May 29 11:58:43 ubuntu kernel: [    3.131846] device-mapper: uevent: version 1.0.3
May 29 11:58:43 ubuntu kernel: [    3.132076] device-mapper: ioctl: 4.14.0-ioctl (2008-04-23) initialised: dm-devel@redhat.com
May 29 11:58:43 ubuntu kernel: [    3.132182] device-mapper: multipath: version 1.0.5 loaded
May 29 11:58:43 ubuntu kernel: [    3.132187] device-mapper: multipath round-robin: version 1.0.0 loaded
May 29 11:58:43 ubuntu kernel: [    3.132340] EISA: Probing bus 0 at eisa.0
May 29 11:58:43 ubuntu kernel: [    3.132366] Cannot allocate resource for EISA slot 4
May 29 11:58:43 ubuntu kernel: [    3.132385] EISA: Detected 0 cards.
May 29 11:58:43 ubuntu kernel: [    3.132439] cpuidle: using governor ladder
May 29 11:58:43 ubuntu kernel: [    3.132442] cpuidle: using governor menu
May 29 11:58:43 ubuntu kernel: [    3.133230] TCP cubic registered
May 29 11:58:43 ubuntu kernel: [    3.133381] NET: Registered protocol family 10
May 29 11:58:43 ubuntu kernel: [    3.134019] lo: Disabled Privacy Extensions
May 29 11:58:43 ubuntu kernel: [    3.134515] NET: Registered protocol family 17
May 29 11:58:43 ubuntu kernel: [    3.134545] Bluetooth: L2CAP ver 2.11
May 29 11:58:43 ubuntu kernel: [    3.134548] Bluetooth: L2CAP socket layer initialized
May 29 11:58:43 ubuntu kernel: [    3.134552] Bluetooth: SCO (Voice Link) ver 0.6
May 29 11:58:43 ubuntu kernel: [    3.134555] Bluetooth: SCO socket layer initialized
May 29 11:58:43 ubuntu kernel: [    3.134612] Bluetooth: RFCOMM socket layer initialized
May 29 11:58:43 ubuntu kernel: [    3.134632] Bluetooth: RFCOMM TTY layer initialized
May 29 11:58:43 ubuntu kernel: [    3.134635] Bluetooth: RFCOMM ver 1.10
May 29 11:58:43 ubuntu kernel: [    3.134668] powernow-k8: Processor cpuid 680 not supported
May 29 11:58:43 ubuntu kernel: [    3.134710] Using IPI No-Shortcut mode
May 29 11:58:43 ubuntu kernel: [    3.134872] registered taskstats version 1
May 29 11:58:43 ubuntu kernel: [    3.135016]   Magic number: 9:780:985
May 29 11:58:43 ubuntu kernel: [    3.135200] rtc_cmos 00:04: setting system clock to 2009-05-29 11:57:27 UTC (1243598247)
May 29 11:58:43 ubuntu kernel: [    3.135205] BIOS EDD facility v0.16 2004-Jun-25, 0 devices found
May 29 11:58:43 ubuntu kernel: [    3.135208] EDD information not available.
May 29 11:58:43 ubuntu kernel: [    3.136440] Freeing unused kernel memory: 532k freed
May 29 11:58:43 ubuntu kernel: [    3.136622] Write protecting the kernel text: 4128k
May 29 11:58:43 ubuntu kernel: [    3.136679] Write protecting the kernel read-only data: 1532k
May 29 11:58:43 ubuntu kernel: [    3.174893] input: AT Translated Set 2 keyboard as /devices/platform/i8042/serio0/input/input4
May 29 11:58:43 ubuntu kernel: [    3.263760] compcache: Compressed swap size set to: 119288 KB
May 29 11:58:43 ubuntu kernel: [    3.264477] TLSF: pool: de8c0000, init_size=16384, max_size=0, grow_size=16384
May 29 11:58:43 ubuntu kernel: [    3.709405] FDC 0 is a post-1991 82077
May 29 11:58:43 ubuntu kernel: [    3.847295] 8139cp: 10/100 PCI Ethernet driver v1.3 (Mar 22, 2004)
May 29 11:58:43 ubuntu kernel: [    3.847352] 8139cp 0000:00:0b.0: This (id 10ec:8139 rev 10) is not an 8139C+ compatible chip, use 8139too
May 29 11:58:43 ubuntu kernel: [    3.858616] 8139too Fast Ethernet driver 0.9.28
May 29 11:58:43 ubuntu kernel: [    3.858707] 8139too 0000:00:0b.0: PCI INT A -> GSI 19 (level, low) -> IRQ 19
May 29 11:58:43 ubuntu kernel: [    3.859888] eth0: RealTek RTL8139 at 0xd400, 00:e0:4c:8d:ab:0f, IRQ 19
May 29 11:58:43 ubuntu kernel: [    3.859893] eth0:  Identified 8139 chip type 'RTL-8100B/8139D'
May 29 11:58:43 ubuntu kernel: [    4.556637] Adding 119284k swap on /dev/ramzswap0.  Priority:100 extents:1 across:119284k
May 29 11:58:43 ubuntu kernel: [    5.189201] ISO 9660 Extensions: Microsoft Joliet Level 3
May 29 11:58:43 ubuntu kernel: [    5.228066] ISO 9660 Extensions: RRIP_1991A
May 29 11:58:43 ubuntu kernel: [    5.549428] aufs 20080922
May 29 11:58:43 ubuntu kernel: [    6.942108] squashfs: version 3.3 (2007/10/31) Phillip Lougher
May 29 11:58:43 ubuntu kernel: [   67.245724] udev: starting version 141
May 29 11:58:43 ubuntu kernel: [   67.488396] parport_pc 00:09: reported by Plug and Play ACPI
May 29 11:58:43 ubuntu kernel: [   67.488438] parport0: PC-style at 0x378, irq 7 [PCSPP,TRISTATE,EPP]
May 29 11:58:43 ubuntu kernel: [   67.626183] Linux agpgart interface v0.103
May 29 11:58:43 ubuntu kernel: [   68.009794] shpchp: Standard Hot Plug PCI Controller Driver version: 0.4
May 29 11:58:43 ubuntu kernel: [   68.261259] agpgart: Detected VIA PM266/KM266 chipset
May 29 11:58:43 ubuntu kernel: [   68.267422] agpgart-via 0000:00:00.0: AGP aperture is 64M @ 0xe8000000
May 29 11:58:43 ubuntu kernel: [   68.580188] input: PC Speaker as /devices/platform/pcspkr/input/input5
May 29 11:58:43 ubuntu kernel: [   69.871261] irda_init()
May 29 11:58:43 ubuntu kernel: [   69.871295] NET: Registered protocol family 23
May 29 11:58:43 ubuntu kernel: [   70.048888] synaptics was reset on resume, see synaptics_resume_reset if you have trouble on resume
May 29 11:58:43 ubuntu kernel: [   70.536894] psmouse serio1: ID: 10 00 64<4>ACPI: PCI Interrupt Link [ALKC] BIOS reported IRQ 0, using IRQ 22
May 29 11:58:43 ubuntu kernel: [   70.752847] ACPI: PCI Interrupt Link [ALKC] enabled at IRQ 22
May 29 11:58:43 ubuntu kernel: [   70.752866] VIA 82xx Audio 0000:00:11.5: PCI INT C -> Link[ALKC] -> GSI 22 (level, low) -> IRQ 22
May 29 11:58:43 ubuntu kernel: [   70.753035] VIA 82xx Audio 0000:00:11.5: setting latency timer to 64
May 29 11:58:43 ubuntu kernel: [   70.858816] ppdev: user-space parallel port driver
May 29 11:58:43 ubuntu kernel: [   71.170552] input: ImPS/2 Logitech Wheel Mouse as /devices/platform/i8042/serio1/input/input6
May 29 11:58:43 ubuntu kernel: [   74.468305] Adding 530104k swap on /dev/sda8.  Priority:-1 extents:1 across:530104k
May 29 11:58:43 ubuntu kernel: [   74.497391] Adding 1020088k swap on /dev/sdb7.  Priority:-2 extents:1 across:1020088k
May 29 11:58:47 ubuntu acpid: client connected from 4280[111:120] 
May 29 11:58:47 ubuntu bluetoothd[4298]: Bluetooth daemon
May 29 11:58:47 ubuntu bluetoothd[4298]: Starting SDP server
May 29 11:58:47 ubuntu bluetoothd[4298]: Starting experimental netlink support
May 29 11:58:47 ubuntu bluetoothd[4298]: Failed to find Bluetooth netlink family
May 29 11:58:47 ubuntu kernel: [   83.630435] Bluetooth: BNEP (Ethernet Emulation) ver 1.3
May 29 11:58:47 ubuntu kernel: [   83.630443] Bluetooth: BNEP filters: protocol multicast
May 29 11:58:48 ubuntu bluetoothd[4298]: bridge pan0 created
May 29 11:58:48 ubuntu kernel: [   83.831162] Bridge firewalling registered
May 29 11:58:48 ubuntu bluetoothd[4298]: Registered interface org.bluez.Service on path /org/bluez/4298/any
May 29 11:58:48 ubuntu NetworkManager: <info>  starting... 
May 29 11:58:48 ubuntu NetworkManager: <info>  (eth0): new Ethernet device (driver: '8139too') 
May 29 11:58:48 ubuntu NetworkManager: <info>  (eth0): exported as /org/freedesktop/Hal/devices/net_00_e0_4c_8d_ab_0f 
May 29 11:58:48 ubuntu NetworkManager: <info>  (ttyS0): ignoring due to lack of mobile broadband capabilties 
May 29 11:58:48 ubuntu NetworkManager: <info>  Trying to start the supplicant... 
May 29 11:58:48 ubuntu NetworkManager: <info>  Trying to start the system settings daemon... 
May 29 11:58:49 ubuntu nm-system-settings:    SCPlugin-Ifupdown: init!
May 29 11:58:49 ubuntu nm-system-settings:    SCPlugin-Ifupdown: update_system_hostname
May 29 11:58:49 ubuntu nm-system-settings:    SCPluginIfupdown: management mode: unmanaged
May 29 11:58:49 ubuntu nm-system-settings:    SCPlugin-Ifupdown: device added (udi: /org/freedesktop/Hal/devices/net_00_e0_4c_8d_ab_0f, iface: eth0): not well known
May 29 11:58:49 ubuntu nm-system-settings:    SCPlugin-Ifupdown: end _init.
May 29 11:58:49 ubuntu nm-system-settings: Loaded plugin ifupdown: (C) 2008 Canonical Ltd.  To report bugs please use the NetworkManager mailing list.
May 29 11:58:49 ubuntu nm-system-settings: Loaded plugin keyfile: (c) 2007 - 2008 Red Hat, Inc.  To report bugs please use the NetworkManager mailing list.
May 29 11:58:49 ubuntu nm-system-settings:    SCPlugin-Ifupdown: (137635584) ... get_connections.
May 29 11:58:49 ubuntu nm-system-settings:    SCPlugin-Ifupdown: (137635584) ... get_connections (managed=false): return empty list.
May 29 11:58:50 ubuntu nm-system-settings:    Ifupdown: get unmanaged devices count: 0
May 29 11:58:51 ubuntu acpid: client connected from 4417[0:0] 
May 29 11:58:53 ubuntu NetworkManager: <info>  (eth0): device state change: 1 -> 2 
May 29 11:58:53 ubuntu NetworkManager: <info>  (eth0): bringing up device. 
May 29 11:58:53 ubuntu NetworkManager: <info>  (eth0): preparing device. 
May 29 11:58:53 ubuntu NetworkManager: <info>  (eth0): deactivating device (reason: 2). 
May 29 11:58:53 ubuntu kernel: [   88.636725] eth0: link down
May 29 11:58:53 ubuntu kernel: [   88.636844] ADDRCONF(NETDEV_UP): eth0: link is not ready
May 29 11:58:53 ubuntu kernel: [   89.329413] [drm] Initialized drm 1.1.0 20060810
May 29 11:58:53 ubuntu kernel: [   89.351175] pci 0000:01:00.0: PCI INT A -> GSI 16 (level, low) -> IRQ 16
May 29 11:58:53 ubuntu kernel: [   89.351389] [drm] Initialized savage 2.4.1 20050313 on minor 0
May 29 11:58:53 ubuntu kernel: [   89.431899] mtrr: base(0xe2000000) is not aligned on a size(0x5000000) boundary
May 29 11:58:53 ubuntu kernel: [   89.433256] mtrr: base(0xe2000000) is not aligned on a size(0x5000000) boundary
May 29 11:58:54 ubuntu nm-system-settings: Added default wired connection 'Auto eth0' for /org/freedesktop/Hal/devices/net_00_e0_4c_8d_ab_0f
May 29 11:59:02 ubuntu ubiquity[4446]: Ubiquity 1.12.12
May 29 11:59:07 ubuntu ubiquity[4446]: log-output -t ubiquity laptop-detect
May 29 11:59:10 ubuntu ubiquity[4446]: log-output -t ubiquity fontconfig-voodoo --auto --force --quiet
May 29 11:59:16 ubuntu ubiquity[4446]: switched to page stepLanguage
May 29 11:59:19 ubuntu ubiquity[4446]: switched to page stepLanguage
May 29 11:59:26 ubuntu localechooser: info: Language = 'en'
May 29 11:59:26 ubuntu localechooser: info: line=en;0;US;UTF-8;en_US.UTF-8;;kbd=lat0-sun16(utf8)
May 29 11:59:26 ubuntu localechooser: info: Set debian-installer/language = 'en'
May 29 11:59:26 ubuntu localechooser: info: Set debian-installer/locale = 'en_US.UTF-8'
May 29 11:59:26 ubuntu localechooser: info: Set debian-installer/fallbacklocale = 'en_US.UTF-8'
May 29 11:59:26 ubuntu localechooser: info: Default country = 'US'
May 29 11:59:26 ubuntu localechooser: info: Set debian-installer/consoledisplay = 'kbd=lat0-sun16(utf8)'
May 29 11:59:26 ubuntu localechooser: info: Set debian-installer/country = 'US'
May 29 11:59:26 ubuntu localechooser: info: Set debian-installer/locale = 'en_US.UTF-8'
May 29 11:59:26 ubuntu localechooser: info: Selected locale (debian-installer/locale) = 'en_US.UTF-8'
May 29 11:59:27 ubuntu ubiquity[4446]: log-output -t ubiquity fontconfig-voodoo --auto --force --quiet
May 29 11:59:28 ubuntu ubiquity[4446]: debconffilter_done: Language (current: Language)
May 29 11:59:28 ubuntu ubiquity[4446]: Step_before = stepLanguage
May 29 11:59:31 ubuntu ubiquity[4446]: switched to page stepLocation
May 29 11:59:37 ubuntu localechooser: info: Locale has been preseeded to en_IN.UTF-8
May 29 11:59:37 ubuntu localechooser: info: Set localechooser/languagelist = 'en'
May 29 11:59:37 ubuntu localechooser: info: Set debian-installer/country = 'IN'
May 29 11:59:37 ubuntu localechooser: info: Language = 'en'
May 29 11:59:37 ubuntu localechooser: info: line=en;0;US;UTF-8;en_US.UTF-8;;kbd=lat0-sun16(utf8)
May 29 11:59:37 ubuntu localechooser: info: Set debian-installer/language = 'en'
May 29 11:59:37 ubuntu localechooser: info: Set debian-installer/locale = 'en_US.UTF-8'
May 29 11:59:37 ubuntu localechooser: info: Set debian-installer/fallbacklocale = 'en_US.UTF-8'
May 29 11:59:37 ubuntu localechooser: info: Default country = 'US'
May 29 11:59:37 ubuntu localechooser: info: Set debian-installer/consoledisplay = 'kbd=lat0-sun16(utf8)'
May 29 11:59:37 ubuntu localechooser: info: Set debian-installer/country = 'IN'
May 29 11:59:37 ubuntu localechooser: info: Set debian-installer/locale = 'en_IN'
May 29 11:59:37 ubuntu localechooser: info: Selected locale (debian-installer/locale) = 'en_IN'
May 29 11:59:37 ubuntu ubiquity[4446]: debconffilter_done: Timezone (current: Timezone)
May 29 11:59:37 ubuntu ubiquity[4446]: Step_before = stepLocation
May 29 11:59:39 ubuntu ubiquity[4446]: log-output -t ubiquity setxkbmap -model pc105 -layout us -option 
May 29 11:59:39 ubuntu ubiquity[4446]: log-output -t ubiquity setxkbmap -model pc105 -layout us -option 
May 29 11:59:39 ubuntu ubiquity[4446]: switched to page stepKeyboardConf
May 29 11:59:46 ubuntu ubiquity: Your console font configuration will be updated the next time your system
May 29 11:59:46 ubuntu ubiquity: boots. If you want to update it now, run 'setupcon' from a virtual console.
May 29 11:59:46 ubuntu ubiquity[4446]: log-output -t ubiquity setxkbmap -model pc105 -layout us -option  -option 
May 29 11:59:46 ubuntu ubiquity[4446]: debconffilter_done: ConsoleSetup (current: ConsoleSetup)
May 29 11:59:46 ubuntu ubiquity[4446]: Step_before = stepKeyboardConf
May 29 11:59:48 ubuntu kernel: [  143.764432] NTFS driver 2.1.29 [Flags: R/O MODULE].
May 29 11:59:48 ubuntu kernel: [  143.896465] JFS: nTxBlock = 3727, nTxLock = 29821
May 29 11:59:48 ubuntu kernel: [  144.123589] SGI XFS with ACLs, security attributes, realtime, large block numbers, no debug enabled
May 29 11:59:48 ubuntu kernel: [  144.127991] SGI XFS Quota Management subsystem
May 29 12:00:12 ubuntu ntfsresize: ntfsresize v2.0.0 (libntfs 10:0:0)
May 29 12:00:12 ubuntu ntfsresize: Device name        : /dev/sda6
May 29 12:00:12 ubuntu ntfsresize: NTFS volume version: 3.1
May 29 12:00:12 ubuntu ntfsresize: Cluster size       : 4096 bytes
May 29 12:00:12 ubuntu ntfsresize: Current volume size: 5239468544 bytes (5240 MB)
May 29 12:00:12 ubuntu ntfsresize: Current device size: 5239471104 bytes (5240 MB)
May 29 12:00:12 ubuntu ntfsresize: Checking filesystem consistency ...
May 29 12:00:12 ubuntu ntfsresize: Accounting clusters ...
May 29 12:00:12 ubuntu ntfsresize: Space in use       : 4899 MB (93.5%)
May 29 12:00:12 ubuntu ntfsresize: Collecting resizing constraints ...
May 29 12:00:12 ubuntu ntfsresize: You might resize at 4898426880 bytes or 4899 MB (freeing 341 MB).
May 29 12:00:12 ubuntu ntfsresize: Please make a test run using both the -n and -s options before real resizing!
May 29 12:00:26 ubuntu ntfsresize: ntfsresize v2.0.0 (libntfs 10:0:0)
May 29 12:00:26 ubuntu ntfsresize: Device name        : /dev/sda6
May 29 12:00:26 ubuntu ntfsresize: NTFS volume version: 3.1
May 29 12:00:26 ubuntu ntfsresize: Cluster size       : 4096 bytes
May 29 12:00:26 ubuntu ntfsresize: Current volume size: 5239468544 bytes (5240 MB)
May 29 12:00:26 ubuntu ntfsresize: Current device size: 5239471104 bytes (5240 MB)
May 29 12:00:26 ubuntu ntfsresize: Checking filesystem consistency ...
May 29 12:00:26 ubuntu ntfsresize: Accounting clusters ...
May 29 12:00:26 ubuntu ntfsresize: Space in use       : 4899 MB (93.5%)
May 29 12:00:26 ubuntu ntfsresize: Collecting resizing constraints ...
May 29 12:00:26 ubuntu ntfsresize: You might resize at 4898426880 bytes or 4899 MB (freeing 341 MB).
May 29 12:00:26 ubuntu ntfsresize: Please make a test run using both the -n and -s options before real resizing!
May 29 12:00:39 ubuntu ntfsresize: ntfsresize v2.0.0 (libntfs 10:0:0)
May 29 12:00:39 ubuntu ntfsresize: Device name        : /dev/sda6
May 29 12:00:39 ubuntu ntfsresize: NTFS volume version: 3.1
May 29 12:00:39 ubuntu ntfsresize: Cluster size       : 4096 bytes
May 29 12:00:39 ubuntu ntfsresize: Current volume size: 5239468544 bytes (5240 MB)
May 29 12:00:39 ubuntu ntfsresize: Current device size: 5239471104 bytes (5240 MB)
May 29 12:00:39 ubuntu ntfsresize: Checking filesystem consistency ...
May 29 12:00:39 ubuntu ntfsresize: Accounting clusters ...
May 29 12:00:39 ubuntu ntfsresize: Space in use       : 4899 MB (93.5%)
May 29 12:00:39 ubuntu ntfsresize: Collecting resizing constraints ...
May 29 12:00:39 ubuntu ntfsresize: You might resize at 4898426880 bytes or 4899 MB (freeing 341 MB).
May 29 12:00:39 ubuntu ntfsresize: Please make a test run using both the -n and -s options before real resizing!
May 29 12:00:53 ubuntu kernel: [  209.222232] QNX4 filesystem 0.2.3 registered.
May 29 12:00:53 ubuntu os-prober: debug: running /usr/lib/os-probes/50mounted-tests on /dev/sda1
May 29 12:00:53 ubuntu kernel: [  209.471445] VFS: Can't find ext3 filesystem on dev sda1.
May 29 12:00:53 ubuntu kernel: [  209.477225] VFS: Can't find ext4 filesystem on dev sda1.
May 29 12:00:53 ubuntu kernel: [  209.482120] VFS: Can't find an ext2 filesystem on dev sda1.
May 29 12:00:53 ubuntu kernel: [  209.489894] cramfs: wrong magic
May 29 12:00:53 ubuntu kernel: [  209.529511] ISOFS: Unable to identify CD-ROM format.
May 29 12:00:53 ubuntu kernel: [  209.534465] SQUASHFS error: Can't find a SQUASHFS superblock on sda1
May 29 12:00:53 ubuntu 50mounted-tests: debug: mounted as vfat filesystem
May 29 12:00:53 ubuntu 50mounted-tests: debug: running subtest /usr/lib/os-probes/mounted/10freedos
May 29 12:00:54 ubuntu 10freedos: debug: /dev/sda1 is a FAT32 partition
May 29 12:00:54 ubuntu 50mounted-tests: debug: running subtest /usr/lib/os-probes/mounted/10qnx
May 29 12:00:54 ubuntu 10qnx: debug: /dev/sda1 is not a QNX4 partition: exiting
May 29 12:00:54 ubuntu 50mounted-tests: debug: running subtest /usr/lib/os-probes/mounted/20macosx
May 29 12:00:54 ubuntu macosx-prober: debug: /dev/sda1 is not an HFS+ partition: exiting
May 29 12:00:54 ubuntu 50mounted-tests: debug: running subtest /usr/lib/os-probes/mounted/20microsoft
May 29 12:00:54 ubuntu 20microsoft: debug: /dev/sda1 is a FAT32 partition
May 29 12:00:54 ubuntu 20microsoft: result: /dev/sda1:Windows NT/2000/XP (loader):Windows:chain
May 29 12:00:54 ubuntu 50mounted-tests: debug: os found by subtest /usr/lib/os-probes/mounted/20microsoft
May 29 12:00:54 ubuntu os-prober: debug: os detected by /usr/lib/os-probes/50mounted-tests
May 29 12:00:54 ubuntu os-prober: debug: running /usr/lib/os-probes/50mounted-tests on /dev/sda10
May 29 12:00:54 ubuntu kernel: [  209.858023] kjournald starting.  Commit interval 5 seconds
May 29 12:00:54 ubuntu kernel: [  209.858061] EXT3-fs: mounted filesystem with ordered data mode.
May 29 12:00:54 ubuntu 50mounted-tests: debug: mounted as ext3 filesystem
May 29 12:00:54 ubuntu 50mounted-tests: debug: running subtest /usr/lib/os-probes/mounted/10freedos
May 29 12:00:54 ubuntu 10freedos: debug: /dev/sda10 is not a FAT partition: exiting
May 29 12:00:54 ubuntu 50mounted-tests: debug: running subtest /usr/lib/os-probes/mounted/10qnx
May 29 12:00:54 ubuntu 10qnx: debug: /dev/sda10 is not a QNX4 partition: exiting
May 29 12:00:54 ubuntu 50mounted-tests: debug: running subtest /usr/lib/os-probes/mounted/20macosx
May 29 12:00:54 ubuntu macosx-prober: debug: /dev/sda10 is not an HFS+ partition: exiting
May 29 12:00:54 ubuntu 50mounted-tests: debug: running subtest /usr/lib/os-probes/mounted/20microsoft
May 29 12:00:54 ubuntu 20microsoft: debug: /dev/sda10 is not a MS partition: exiting
May 29 12:00:54 ubuntu 50mounted-tests: debug: running subtest /usr/lib/os-probes/mounted/30utility
May 29 12:00:54 ubuntu 30utility: debug: /dev/sda10 is not a FAT partition: exiting
May 29 12:00:54 ubuntu 50mounted-tests: debug: running subtest /usr/lib/os-probes/mounted/40lsb
May 29 12:00:54 ubuntu 50mounted-tests: debug: running subtest /usr/lib/os-probes/mounted/70hurd
May 29 12:00:54 ubuntu 50mounted-tests: debug: running subtest /usr/lib/os-probes/mounted/80minix
May 29 12:00:54 ubuntu 50mounted-tests: debug: running subtest /usr/lib/os-probes/mounted/90linux-distro
May 29 12:00:54 ubuntu 50mounted-tests: debug: running subtest /usr/lib/os-probes/mounted/90solaris
May 29 12:00:54 ubuntu os-prober: debug: running /usr/lib/os-probes/50mounted-tests on /dev/sda11
May 29 12:00:54 ubuntu kernel: [  210.156370] VFS: Can't find ext3 filesystem on dev sda11.
May 29 12:00:54 ubuntu kernel: [  210.162451] VFS: Can't find ext4 filesystem on dev sda11.
May 29 12:00:54 ubuntu kernel: [  210.167451] VFS: Can't find an ext2 filesystem on dev sda11.
May 29 12:00:54 ubuntu kernel: [  210.173951] cramfs: wrong magic
May 29 12:00:54 ubuntu kernel: [  210.203592] ISOFS: Unable to identify CD-ROM format.
May 29 12:00:54 ubuntu kernel: [  210.208980] SQUASHFS error: Can't find a SQUASHFS superblock on sda11
May 29 12:00:54 ubuntu kernel: [  210.213652] FAT: invalid media value (0x80)
May 29 12:00:54 ubuntu kernel: [  210.213663] VFS: Can't find a valid FAT filesystem on dev sda11.
May 29 12:00:54 ubuntu kernel: [  210.235241] ReiserFS: sda11: warning: sh-2021: reiserfs_fill_super: can not find reiserfs on sda11
May 29 12:00:54 ubuntu kernel: [  210.240769] XFS: bad magic number
May 29 12:00:54 ubuntu kernel: [  210.240777] XFS: SB validate failed
May 29 12:00:54 ubuntu kernel: [  210.247250] FAT: invalid media value (0x80)
May 29 12:00:54 ubuntu kernel: [  210.247261] VFS: Can't find a valid FAT filesystem on dev sda11.
May 29 12:00:54 ubuntu kernel: [  210.252693] VFS: Can't find a Minix filesystem V1 | V2 | V3 on device sda11.
May 29 12:00:54 ubuntu kernel: [  210.285054] hfs: unable to find HFS+ superblock
May 29 12:00:54 ubuntu kernel: [  210.291760] qnx4: wrong fsid in superblock.
May 29 12:00:54 ubuntu kernel: [  210.296628] You didn't specify the type of your ufs filesystem
May 29 12:00:54 ubuntu kernel: [  210.296631] 
May 29 12:00:54 ubuntu kernel: [  210.296632] mount -t ufs -o ufstype=sun|sunx86|44bsd|ufs2|5xbsd|old|hp|nextstep|nextstep-cd|openstep ...
May 29 12:00:54 ubuntu kernel: [  210.296635] 
May 29 12:00:54 ubuntu kernel: [  210.296636] >>>WARNING<<< Wrong ufstype may corrupt your filesystem, default is ufstype=old
May 29 12:00:54 ubuntu kernel: [  210.297121] ufs_read_super: bad magic number
May 29 12:00:54 ubuntu kernel: [  210.303397] hfs: can't find a HFS filesystem on dev sda11.
May 29 12:00:54 ubuntu os-prober: debug: running /usr/lib/os-probes/50mounted-tests on /dev/sda12
May 29 12:00:54 ubuntu kernel: [  210.360073] kjournald starting.  Commit interval 5 seconds
May 29 12:00:54 ubuntu kernel: [  210.360105] EXT3-fs: mounted filesystem with ordered data mode.
May 29 12:00:54 ubuntu 50mounted-tests: debug: mounted as ext3 filesystem
May 29 12:00:54 ubuntu 50mounted-tests: debug: running subtest /usr/lib/os-probes/mounted/10freedos
May 29 12:00:54 ubuntu 10freedos: debug: /dev/sda12 is not a FAT partition: exiting
May 29 12:00:54 ubuntu 50mounted-tests: debug: running subtest /usr/lib/os-probes/mounted/10qnx
May 29 12:00:54 ubuntu 10qnx: debug: /dev/sda12 is not a QNX4 partition: exiting
May 29 12:00:54 ubuntu 50mounted-tests: debug: running subtest /usr/lib/os-probes/mounted/20macosx
May 29 12:00:54 ubuntu macosx-prober: debug: /dev/sda12 is not an HFS+ partition: exiting
May 29 12:00:54 ubuntu 50mounted-tests: debug: running subtest /usr/lib/os-probes/mounted/20microsoft
May 29 12:00:54 ubuntu 20microsoft: debug: /dev/sda12 is not a MS partition: exiting
May 29 12:00:54 ubuntu 50mounted-tests: debug: running subtest /usr/lib/os-probes/mounted/30utility
May 29 12:00:54 ubuntu 30utility: debug: /dev/sda12 is not a FAT partition: exiting
May 29 12:00:54 ubuntu 50mounted-tests: debug: running subtest /usr/lib/os-probes/mounted/40lsb
May 29 12:00:54 ubuntu 50mounted-tests: debug: running subtest /usr/lib/os-probes/mounted/70hurd
May 29 12:00:54 ubuntu 50mounted-tests: debug: running subtest /usr/lib/os-probes/mounted/80minix
May 29 12:00:54 ubuntu 50mounted-tests: debug: running subtest /usr/lib/os-probes/mounted/90linux-distro
May 29 12:00:54 ubuntu 90linux-distro: result: /dev/sda12:PCQLinux 2004 (NewDawn):Fedora:linux
May 29 12:00:54 ubuntu 50mounted-tests: debug: os found by subtest /usr/lib/os-probes/mounted/90linux-distro
May 29 12:00:54 ubuntu os-prober: debug: os detected by /usr/lib/os-probes/50mounted-tests
May 29 12:00:54 ubuntu os-prober: debug: running /usr/lib/os-probes/50mounted-tests on /dev/sda13
May 29 12:00:54 ubuntu kernel: [  210.629831] VFS: Can't find ext3 filesystem on dev sda13.
May 29 12:00:55 ubuntu kernel: [  210.634569] VFS: Can't find ext4 filesystem on dev sda13.
May 29 12:00:55 ubuntu kernel: [  210.641556] VFS: Can't find an ext2 filesystem on dev sda13.
May 29 12:00:55 ubuntu kernel: [  210.686608] cramfs: wrong magic
May 29 12:00:55 ubuntu kernel: [  210.716357] ISOFS: Unable to identify CD-ROM format.
May 29 12:00:55 ubuntu kernel: [  210.721403] SQUASHFS error: Can't find a SQUASHFS superblock on sda13
May 29 12:00:55 ubuntu 50mounted-tests: debug: mounted as vfat filesystem
May 29 12:00:55 ubuntu 50mounted-tests: debug: running subtest /usr/lib/os-probes/mounted/10freedos
May 29 12:00:55 ubuntu 10freedos: debug: /dev/sda13 is a FAT32 partition
May 29 12:00:55 ubuntu 50mounted-tests: debug: running subtest /usr/lib/os-probes/mounted/10qnx
May 29 12:00:55 ubuntu 10qnx: debug: /dev/sda13 is not a QNX4 partition: exiting
May 29 12:00:55 ubuntu 50mounted-tests: debug: running subtest /usr/lib/os-probes/mounted/20macosx
May 29 12:00:55 ubuntu macosx-prober: debug: /dev/sda13 is not an HFS+ partition: exiting
May 29 12:00:55 ubuntu 50mounted-tests: debug: running subtest /usr/lib/os-probes/mounted/20microsoft
May 29 12:00:55 ubuntu 20microsoft: debug: /dev/sda13 is a FAT32 partition
May 29 12:00:55 ubuntu 50mounted-tests: debug: running subtest /usr/lib/os-probes/mounted/30utility
May 29 12:00:55 ubuntu 30utility: debug: /dev/sda13 is a FAT32 partition
May 29 12:00:55 ubuntu 50mounted-tests: debug: running subtest /usr/lib/os-probes/mounted/40lsb
May 29 12:00:55 ubuntu 50mounted-tests: debug: running subtest /usr/lib/os-probes/mounted/70hurd
May 29 12:00:55 ubuntu 50mounted-tests: debug: running subtest /usr/lib/os-probes/mounted/80minix
May 29 12:00:55 ubuntu 50mounted-tests: debug: running subtest /usr/lib/os-probes/mounted/90linux-distro
May 29 12:00:55 ubuntu 50mounted-tests: debug: running subtest /usr/lib/os-probes/mounted/90solaris
May 29 12:00:55 ubuntu os-prober: debug: running /usr/lib/os-probes/50mounted-tests on /dev/sda2
May 29 12:00:55 ubuntu kernel: [  211.019425] ext3: No journal on filesystem on sda2
May 29 12:00:55 ubuntu kernel: [  211.024783] EXT4-fs warning (device sda2): ext4_fill_super: extents feature not enabled on this filesystem, use tune2fs.
May 29 12:00:55 ubuntu kernel: [  211.024793] 
May 29 12:00:55 ubuntu kernel: [  211.025016] ext4: No journal on filesystem on sda2
May 29 12:00:55 ubuntu 50mounted-tests: debug: mounted as ext2 filesystem
May 29 12:00:55 ubuntu 50mounted-tests: debug: running subtest /usr/lib/os-probes/mounted/10freedos
May 29 12:00:55 ubuntu 10freedos: debug: /dev/sda2 is not a FAT partition: exiting
May 29 12:00:55 ubuntu 50mounted-tests: debug: running subtest /usr/lib/os-probes/mounted/10qnx
May 29 12:00:55 ubuntu 10qnx: debug: /dev/sda2 is not a QNX4 partition: exiting
May 29 12:00:55 ubuntu 50mounted-tests: debug: running subtest /usr/lib/os-probes/mounted/20macosx
May 29 12:00:55 ubuntu macosx-prober: debug: /dev/sda2 is not an HFS+ partition: exiting
May 29 12:00:55 ubuntu 50mounted-tests: debug: running subtest /usr/lib/os-probes/mounted/20microsoft
May 29 12:00:55 ubuntu 20microsoft: debug: /dev/sda2 is not a MS partition: exiting
May 29 12:00:55 ubuntu 50mounted-tests: debug: running subtest /usr/lib/os-probes/mounted/30utility
May 29 12:00:55 ubuntu 30utility: debug: /dev/sda2 is not a FAT partition: exiting
May 29 12:00:55 ubuntu 50mounted-tests: debug: running subtest /usr/lib/os-probes/mounted/40lsb
May 29 12:00:55 ubuntu 50mounted-tests: debug: running subtest /usr/lib/os-probes/mounted/70hurd
May 29 12:00:55 ubuntu 50mounted-tests: debug: running subtest /usr/lib/os-probes/mounted/80minix
May 29 12:00:55 ubuntu 50mounted-tests: debug: running subtest /usr/lib/os-probes/mounted/90linux-distro
May 29 12:00:55 ubuntu 50mounted-tests: debug: running subtest /usr/lib/os-probes/mounted/90solaris
May 29 12:00:55 ubuntu os-prober: debug: running /usr/lib/os-probes/50mounted-tests on /dev/sda3
May 29 12:00:55 ubuntu kernel: [  211.217717] VFS: Can't find ext3 filesystem on dev sda3.
May 29 12:00:55 ubuntu kernel: [  211.222507] VFS: Can't find ext4 filesystem on dev sda3.
May 29 12:00:55 ubuntu kernel: [  211.228869] VFS: Can't find an ext2 filesystem on dev sda3.
May 29 12:00:55 ubuntu kernel: [  211.235458] cramfs: wrong magic
May 29 12:00:55 ubuntu kernel: [  211.265187] ISOFS: Unable to identify CD-ROM format.
May 29 12:00:55 ubuntu kernel: [  211.270188] SQUASHFS error: Can't find a SQUASHFS superblock on sda3
May 29 12:00:55 ubuntu kernel: [  211.275303] FAT: bogus number of reserved sectors
May 29 12:00:55 ubuntu kernel: [  211.275313] VFS: Can't find a valid FAT filesystem on dev sda3.
May 29 12:00:55 ubuntu kernel: [  211.296477] ReiserFS: sda3: found reiserfs format "3.6" with standard journal
May 29 12:00:55 ubuntu kernel: [  211.296548] ReiserFS: sda3: using ordered data mode
May 29 12:00:55 ubuntu kernel: [  211.303858] ReiserFS: sda3: journal params: device sda3, size 8192, journal first block 18, max trans len 1024, max batch 900, max commit age 30, max trans age 30
May 29 12:00:55 ubuntu kernel: [  211.306398] ReiserFS: sda3: checking transaction log (sda3)
May 29 12:00:55 ubuntu kernel: [  211.351818] ReiserFS: sda3: Using r5 hash to sort names
May 29 12:00:55 ubuntu 50mounted-tests: debug: mounted as reiserfs filesystem
May 29 12:00:55 ubuntu 50mounted-tests: debug: running subtest /usr/lib/os-probes/mounted/10freedos
May 29 12:00:55 ubuntu 10freedos: debug: /dev/sda3 is not a FAT partition: exiting
May 29 12:00:55 ubuntu 50mounted-tests: debug: running subtest /usr/lib/os-probes/mounted/10qnx
May 29 12:00:55 ubuntu 10qnx: debug: /dev/sda3 is not a QNX4 partition: exiting
May 29 12:00:55 ubuntu 50mounted-tests: debug: running subtest /usr/lib/os-probes/mounted/20macosx
May 29 12:00:55 ubuntu macosx-prober: debug: /dev/sda3 is not an HFS+ partition: exiting
May 29 12:00:55 ubuntu 50mounted-tests: debug: running subtest /usr/lib/os-probes/mounted/20microsoft
May 29 12:00:55 ubuntu 20microsoft: debug: /dev/sda3 is not a MS partition: exiting
May 29 12:00:55 ubuntu 50mounted-tests: debug: running subtest /usr/lib/os-probes/mounted/30utility
May 29 12:00:55 ubuntu 30utility: debug: /dev/sda3 is not a FAT partition: exiting
May 29 12:00:55 ubuntu 50mounted-tests: debug: running subtest /usr/lib/os-probes/mounted/40lsb
May 29 12:00:55 ubuntu 50mounted-tests: debug: running subtest /usr/lib/os-probes/mounted/70hurd
May 29 12:00:55 ubuntu 50mounted-tests: debug: running subtest /usr/lib/os-probes/mounted/80minix
May 29 12:00:55 ubuntu 50mounted-tests: debug: running subtest /usr/lib/os-probes/mounted/90linux-distro
May 29 12:00:55 ubuntu 90linux-distro: result: /dev/sda3:Debian GNU/Linux (3.1):Debian:linux
May 29 12:00:55 ubuntu 50mounted-tests: debug: os found by subtest /usr/lib/os-probes/mounted/90linux-distro
May 29 12:00:55 ubuntu os-prober: debug: os detected by /usr/lib/os-probes/50mounted-tests
May 29 12:00:56 ubuntu os-prober: debug: running /usr/lib/os-probes/50mounted-tests on /dev/sda4
May 29 12:00:56 ubuntu kernel: [  211.656923] attempt to access beyond end of device
May 29 12:00:56 ubuntu kernel: [  211.656931] sda4: rw=0, want=4, limit=2
May 29 12:00:56 ubuntu kernel: [  211.656937] EXT3-fs: unable to read superblock
May 29 12:00:56 ubuntu kernel: [  211.661300] attempt to access beyond end of device
May 29 12:00:56 ubuntu kernel: [  211.661309] sda4: rw=0, want=4, limit=2
May 29 12:00:56 ubuntu kernel: [  211.661316] EXT4-fs: unable to read superblock
May 29 12:00:56 ubuntu kernel: [  211.667063] attempt to access beyond end of device
May 29 12:00:56 ubuntu kernel: [  211.667072] sda4: rw=0, want=4, limit=2
May 29 12:00:56 ubuntu kernel: [  211.667079] EXT2-fs: unable to read superblock
May 29 12:00:56 ubuntu kernel: [  211.671361] cramfs: wrong magic
May 29 12:00:56 ubuntu kernel: [  211.705700] attempt to access beyond end of device
May 29 12:00:56 ubuntu kernel: [  211.705710] sda4: rw=0, want=66, limit=2
May 29 12:00:56 ubuntu kernel: [  211.705717] isofs_fill_super: bread failed, dev=sda4, iso_blknum=16, block=32
May 29 12:00:56 ubuntu kernel: [  211.711491] SQUASHFS error: Can't find a SQUASHFS superblock on sda4
May 29 12:00:56 ubuntu kernel: [  211.717496] FAT: bogus number of reserved sectors
May 29 12:00:56 ubuntu kernel: [  211.717507] VFS: Can't find a valid FAT filesystem on dev sda4.
May 29 12:00:56 ubuntu kernel: [  211.731503] attempt to access beyond end of device
May 29 12:00:56 ubuntu kernel: [  211.731513] sda4: rw=0, want=72, limit=2
May 29 12:00:56 ubuntu kernel: [  211.731523] attempt to access beyond end of device
May 29 12:00:56 ubuntu kernel: [  211.731527] sda4: rw=0, want=128, limit=2
May 29 12:00:56 ubuntu kernel: [  211.736984] attempt to access beyond end of device
May 29 12:00:56 ubuntu kernel: [  211.736991] sda4: rw=0, want=18, limit=2
May 29 12:00:56 ubuntu kernel: [  211.737002] ReiserFS: sda4: warning: sh-2006: read_super_block: bread failed (dev sda4, block 8, size 1024)
May 29 12:00:56 ubuntu kernel: [  211.737011] attempt to access beyond end of device
May 29 12:00:56 ubuntu kernel: [  211.737015] sda4: rw=0, want=130, limit=2
May 29 12:00:56 ubuntu kernel: [  211.737020] ReiserFS: sda4: warning: sh-2006: read_super_block: bread failed (dev sda4, block 64, size 1024)
May 29 12:00:56 ubuntu kernel: [  211.737025] ReiserFS: sda4: warning: sh-2021: reiserfs_fill_super: can not find reiserfs on sda4
May 29 12:00:56 ubuntu kernel: [  211.744696] attempt to access beyond end of device
May 29 12:00:56 ubuntu kernel: [  211.744710] sda4: rw=0, want=8, limit=2
May 29 12:00:56 ubuntu kernel: [  211.744720] XFS: SB read failed
May 29 12:00:56 ubuntu kernel: [  211.751485] FAT: bogus number of reserved sectors
May 29 12:00:56 ubuntu kernel: [  211.751495] VFS: Can't find a valid FAT filesystem on dev sda4.
May 29 12:00:56 ubuntu kernel: [  211.756554] attempt to access beyond end of device
May 29 12:00:56 ubuntu kernel: [  211.756562] sda4: rw=0, want=4, limit=2
May 29 12:00:56 ubuntu kernel: [  211.756569] MINIX-fs: unable to read superblock
May 29 12:00:56 ubuntu kernel: [  211.760865] attempt to access beyond end of device
May 29 12:00:56 ubuntu kernel: [  211.760874] sda4: rw=0, want=3, limit=2
May 29 12:00:56 ubuntu kernel: [  211.760881] hfs: unable to find HFS+ superblock
May 29 12:00:56 ubuntu kernel: [  211.766837] qnx4: wrong fsid in superblock.
May 29 12:00:56 ubuntu kernel: [  211.771148] You didn't specify the type of your ufs filesystem
May 29 12:00:56 ubuntu kernel: [  211.771153] 
May 29 12:00:56 ubuntu kernel: [  211.771154] mount -t ufs -o ufstype=sun|sunx86|44bsd|ufs2|5xbsd|old|hp|nextstep|nextstep-cd|openstep ...
May 29 12:00:56 ubuntu kernel: [  211.771156] 
May 29 12:00:56 ubuntu kernel: [  211.771157] >>>WARNING<<< Wrong ufstype may corrupt your filesystem, default is ufstype=old
May 29 12:00:56 ubuntu kernel: [  211.771190] attempt to access beyond end of device
May 29 12:00:56 ubuntu kernel: [  211.771194] sda4: rw=0, want=18, limit=2
May 29 12:00:56 ubuntu kernel: [  211.778649] attempt to access beyond end of device
May 29 12:00:56 ubuntu kernel: [  211.778657] sda4: rw=0, want=3, limit=2
May 29 12:00:56 ubuntu kernel: [  211.778666] hfs: can't find a HFS filesystem on dev sda4.
May 29 12:00:56 ubuntu os-prober: debug: running /usr/lib/os-probes/50mounted-tests on /dev/sda5
May 29 12:00:56 ubuntu kernel: [  211.844467] VFS: Can't find ext3 filesystem on dev sda5.
May 29 12:00:56 ubuntu kernel: [  211.849225] VFS: Can't find ext4 filesystem on dev sda5.
May 29 12:00:56 ubuntu kernel: [  211.854371] VFS: Can't find an ext2 filesystem on dev sda5.
May 29 12:00:56 ubuntu kernel: [  211.860698] cramfs: wrong magic
May 29 12:00:56 ubuntu kernel: [  211.895689] ISOFS: Unable to identify CD-ROM format.
May 29 12:00:56 ubuntu kernel: [  211.901021] SQUASHFS error: Can't find a SQUASHFS superblock on sda5
May 29 12:00:56 ubuntu 50mounted-tests: debug: mounted as vfat filesystem
May 29 12:00:56 ubuntu 50mounted-tests: debug: running subtest /usr/lib/os-probes/mounted/10freedos
May 29 12:00:56 ubuntu 10freedos: debug: /dev/sda5 is a FAT32 partition
May 29 12:00:56 ubuntu 50mounted-tests: debug: running subtest /usr/lib/os-probes/mounted/10qnx
May 29 12:00:56 ubuntu 10qnx: debug: /dev/sda5 is not a QNX4 partition: exiting
May 29 12:00:56 ubuntu 50mounted-tests: debug: running subtest /usr/lib/os-probes/mounted/20macosx
May 29 12:00:56 ubuntu macosx-prober: debug: /dev/sda5 is not an HFS+ partition: exiting
May 29 12:00:56 ubuntu 50mounted-tests: debug: running subtest /usr/lib/os-probes/mounted/20microsoft
May 29 12:00:56 ubuntu 20microsoft: debug: /dev/sda5 is a FAT32 partition
May 29 12:00:56 ubuntu 50mounted-tests: debug: running subtest /usr/lib/os-probes/mounted/30utility
May 29 12:00:56 ubuntu 30utility: debug: /dev/sda5 is a FAT32 partition
May 29 12:00:56 ubuntu 50mounted-tests: debug: running subtest /usr/lib/os-probes/mounted/40lsb
May 29 12:00:56 ubuntu 50mounted-tests: debug: running subtest /usr/lib/os-probes/mounted/70hurd
May 29 12:00:56 ubuntu 50mounted-tests: debug: running subtest /usr/lib/os-probes/mounted/80minix
May 29 12:00:56 ubuntu 50mounted-tests: debug: running subtest /usr/lib/os-probes/mounted/90linux-distro
May 29 12:00:56 ubuntu 50mounted-tests: debug: running subtest /usr/lib/os-probes/mounted/90solaris
May 29 12:00:56 ubuntu os-prober: debug: running /usr/lib/os-probes/50mounted-tests on /dev/sda6
May 29 12:00:56 ubuntu kernel: [  212.211012] VFS: Can't find ext3 filesystem on dev sda6.
May 29 12:00:56 ubuntu kernel: [  212.215728] VFS: Can't find ext4 filesystem on dev sda6.
May 29 12:00:56 ubuntu kernel: [  212.220938] VFS: Can't find an ext2 filesystem on dev sda6.
May 29 12:00:56 ubuntu kernel: [  212.234480] cramfs: wrong magic
May 29 12:00:56 ubuntu ntfs-3g[11028]: Version 2009.2.1 external FUSE 27 
May 29 12:00:56 ubuntu ntfs-3g[11028]: Mounted /dev/sda6 (Read-Only, label "L2W2K", NTFS 3.1) 
May 29 12:00:56 ubuntu ntfs-3g[11028]: Cmdline options: ro 
May 29 12:00:56 ubuntu ntfs-3g[11028]: Mount options: ro,silent,allow_other,nonempty,relatime,fsname=/dev/sda6,blkdev,blksize=4096 
May 29 12:00:56 ubuntu 50mounted-tests: debug: mounted as ntfs-3g filesystem
May 29 12:00:56 ubuntu 50mounted-tests: debug: running subtest /usr/lib/os-probes/mounted/10freedos
May 29 12:00:56 ubuntu 10freedos: debug: /dev/sda6 is not a FAT partition: exiting
May 29 12:00:56 ubuntu 50mounted-tests: debug: running subtest /usr/lib/os-probes/mounted/10qnx
May 29 12:00:56 ubuntu 10qnx: debug: /dev/sda6 is not a QNX4 partition: exiting
May 29 12:00:56 ubuntu 50mounted-tests: debug: running subtest /usr/lib/os-probes/mounted/20macosx
May 29 12:00:56 ubuntu macosx-prober: debug: /dev/sda6 is not an HFS+ partition: exiting
May 29 12:00:56 ubuntu 50mounted-tests: debug: running subtest /usr/lib/os-probes/mounted/20microsoft
May 29 12:00:56 ubuntu 20microsoft: debug: /dev/sda6 is a NTFS partition
May 29 12:00:56 ubuntu 50mounted-tests: debug: running subtest /usr/lib/os-probes/mounted/30utility
May 29 12:00:56 ubuntu 30utility: debug: /dev/sda6 is not a FAT partition: exiting
May 29 12:00:56 ubuntu 50mounted-tests: debug: running subtest /usr/lib/os-probes/mounted/40lsb
May 29 12:00:56 ubuntu 50mounted-tests: debug: running subtest /usr/lib/os-probes/mounted/70hurd
May 29 12:00:56 ubuntu 50mounted-tests: debug: running subtest /usr/lib/os-probes/mounted/80minix
May 29 12:00:56 ubuntu 50mounted-tests: debug: running subtest /usr/lib/os-probes/mounted/90linux-distro
May 29 12:00:56 ubuntu 50mounted-tests: debug: running subtest /usr/lib/os-probes/mounted/90solaris
May 29 12:00:56 ubuntu ntfs-3g[11028]: Unmounting /dev/sda6 (L2W2K) 
May 29 12:00:56 ubuntu os-prober: debug: running /usr/lib/os-probes/50mounted-tests on /dev/sda7
May 29 12:00:56 ubuntu kernel: [  212.542755] kjournald starting.  Commit interval 5 seconds
May 29 12:00:56 ubuntu kernel: [  212.542782] EXT3-fs: mounted filesystem with ordered data mode.
May 29 12:00:56 ubuntu 50mounted-tests: debug: mounted as ext3 filesystem
May 29 12:00:56 ubuntu 50mounted-tests: debug: running subtest /usr/lib/os-probes/mounted/10freedos
May 29 12:00:56 ubuntu 10freedos: debug: /dev/sda7 is not a FAT partition: exiting
May 29 12:00:56 ubuntu 50mounted-tests: debug: running subtest /usr/lib/os-probes/mounted/10qnx
May 29 12:00:56 ubuntu 10qnx: debug: /dev/sda7 is not a QNX4 partition: exiting
May 29 12:00:56 ubuntu 50mounted-tests: debug: running subtest /usr/lib/os-probes/mounted/20macosx
May 29 12:00:56 ubuntu macosx-prober: debug: /dev/sda7 is not an HFS+ partition: exiting
May 29 12:00:56 ubuntu 50mounted-tests: debug: running subtest /usr/lib/os-probes/mounted/20microsoft
May 29 12:00:56 ubuntu 20microsoft: debug: /dev/sda7 is not a MS partition: exiting
May 29 12:00:56 ubuntu 50mounted-tests: debug: running subtest /usr/lib/os-probes/mounted/30utility
May 29 12:00:56 ubuntu 30utility: debug: /dev/sda7 is not a FAT partition: exiting
May 29 12:00:56 ubuntu 50mounted-tests: debug: running subtest /usr/lib/os-probes/mounted/40lsb
May 29 12:00:57 ubuntu 50mounted-tests: debug: running subtest /usr/lib/os-probes/mounted/70hurd
May 29 12:00:57 ubuntu 50mounted-tests: debug: running subtest /usr/lib/os-probes/mounted/80minix
May 29 12:00:57 ubuntu 50mounted-tests: debug: running subtest /usr/lib/os-probes/mounted/90linux-distro
May 29 12:00:57 ubuntu 90linux-distro: result: /dev/sda7:Red Hat Linux release 8.0 (Psyche):RedHat:linux
May 29 12:00:57 ubuntu 50mounted-tests: debug: os found by subtest /usr/lib/os-probes/mounted/90linux-distro
May 29 12:00:57 ubuntu os-prober: debug: os detected by /usr/lib/os-probes/50mounted-tests
May 29 12:00:57 ubuntu os-prober: debug: running /usr/lib/os-probes/50mounted-tests on /dev/sda8
May 29 12:00:57 ubuntu os-prober: debug: running /usr/lib/os-probes/50mounted-tests on /dev/sda9
May 29 12:00:57 ubuntu kernel: [  212.949509] kjournald starting.  Commit interval 5 seconds
May 29 12:00:57 ubuntu kernel: [  212.949536] EXT3-fs: mounted filesystem with ordered data mode.
May 29 12:00:57 ubuntu 50mounted-tests: debug: mounted as ext3 filesystem
May 29 12:00:57 ubuntu 50mounted-tests: debug: running subtest /usr/lib/os-probes/mounted/10freedos
May 29 12:00:57 ubuntu 10freedos: debug: /dev/sda9 is not a FAT partition: exiting
May 29 12:00:57 ubuntu 50mounted-tests: debug: running subtest /usr/lib/os-probes/mounted/10qnx
May 29 12:00:57 ubuntu 10qnx: debug: /dev/sda9 is not a QNX4 partition: exiting
May 29 12:00:57 ubuntu 50mounted-tests: debug: running subtest /usr/lib/os-probes/mounted/20macosx
May 29 12:00:57 ubuntu macosx-prober: debug: /dev/sda9 is not an HFS+ partition: exiting
May 29 12:00:57 ubuntu 50mounted-tests: debug: running subtest /usr/lib/os-probes/mounted/20microsoft
May 29 12:00:57 ubuntu 20microsoft: debug: /dev/sda9 is not a MS partition: exiting
May 29 12:00:57 ubuntu 50mounted-tests: debug: running subtest /usr/lib/os-probes/mounted/30utility
May 29 12:00:57 ubuntu 30utility: debug: /dev/sda9 is not a FAT partition: exiting
May 29 12:00:57 ubuntu 50mounted-tests: debug: running subtest /usr/lib/os-probes/mounted/40lsb
May 29 12:00:57 ubuntu 50mounted-tests: debug: running subtest /usr/lib/os-probes/mounted/70hurd
May 29 12:00:57 ubuntu 50mounted-tests: debug: running subtest /usr/lib/os-probes/mounted/80minix
May 29 12:00:57 ubuntu 50mounted-tests: debug: running subtest /usr/lib/os-probes/mounted/90linux-distro
May 29 12:00:57 ubuntu 50mounted-tests: debug: running subtest /usr/lib/os-probes/mounted/90solaris
May 29 12:00:57 ubuntu os-prober: debug: running /usr/lib/os-probes/50mounted-tests on /dev/sdb1
May 29 12:00:57 ubuntu kernel: [  213.174928] VFS: Can't find ext3 filesystem on dev sdb1.
May 29 12:00:57 ubuntu kernel: [  213.179648] VFS: Can't find ext4 filesystem on dev sdb1.
May 29 12:00:57 ubuntu kernel: [  213.184923] VFS: Can't find an ext2 filesystem on dev sdb1.
May 29 12:00:57 ubuntu kernel: [  213.192810] cramfs: wrong magic
May 29 12:00:57 ubuntu kernel: [  213.236331] ISOFS: Unable to identify CD-ROM format.
May 29 12:00:57 ubuntu kernel: [  213.249904] SQUASHFS error: Can't find a SQUASHFS superblock on sdb1
May 29 12:00:57 ubuntu kernel: [  213.254720] FAT: invalid media value (0xf6)
May 29 12:00:57 ubuntu kernel: [  213.254729] VFS: Can't find a valid FAT filesystem on dev sdb1.
May 29 12:00:57 ubuntu kernel: [  213.277042] ReiserFS: sdb1: warning: sh-2021: reiserfs_fill_super: can not find reiserfs on sdb1
May 29 12:00:57 ubuntu kernel: [  213.291689] XFS: bad magic number
May 29 12:00:57 ubuntu kernel: [  213.291697] XFS: SB validate failed
May 29 12:00:57 ubuntu kernel: [  213.298631] FAT: invalid media value (0xf6)
May 29 12:00:57 ubuntu kernel: [  213.298640] VFS: Can't find a valid FAT filesystem on dev sdb1.
May 29 12:00:57 ubuntu kernel: [  213.303460] VFS: Can't find a Minix filesystem V1 | V2 | V3 on device sdb1.
May 29 12:00:57 ubuntu kernel: [  213.316691] hfs: unable to find HFS+ superblock
May 29 12:00:57 ubuntu kernel: [  213.321425] qnx4: wrong fsid in superblock.
May 29 12:00:57 ubuntu kernel: [  213.326180] You didn't specify the type of your ufs filesystem
May 29 12:00:57 ubuntu kernel: [  213.326185] 
May 29 12:00:57 ubuntu kernel: [  213.326186] mount -t ufs -o ufstype=sun|sunx86|44bsd|ufs2|5xbsd|old|hp|nextstep|nextstep-cd|openstep ...
May 29 12:00:57 ubuntu kernel: [  213.326189] 
May 29 12:00:57 ubuntu kernel: [  213.326190] >>>WARNING<<< Wrong ufstype may corrupt your filesystem, default is ufstype=old
May 29 12:00:57 ubuntu kernel: [  213.329423] ufs_read_super: bad magic number
May 29 12:00:57 ubuntu kernel: [  213.341695] hfs: can't find a HFS filesystem on dev sdb1.
May 29 12:00:57 ubuntu os-prober: debug: running /usr/lib/os-probes/50mounted-tests on /dev/sdb10
May 29 12:00:57 ubuntu kernel: [  213.403028] kjournald starting.  Commit interval 5 seconds
May 29 12:00:57 ubuntu kernel: [  213.403058] EXT3-fs: mounted filesystem with ordered data mode.
May 29 12:00:57 ubuntu 50mounted-tests: debug: mounted as ext3 filesystem
May 29 12:00:57 ubuntu 50mounted-tests: debug: running subtest /usr/lib/os-probes/mounted/10freedos
May 29 12:00:57 ubuntu 10freedos: debug: /dev/sdb10 is not a FAT partition: exiting
May 29 12:00:57 ubuntu 50mounted-tests: debug: running subtest /usr/lib/os-probes/mounted/10qnx
May 29 12:00:57 ubuntu 10qnx: debug: /dev/sdb10 is not a QNX4 partition: exiting
May 29 12:00:57 ubuntu 50mounted-tests: debug: running subtest /usr/lib/os-probes/mounted/20macosx
May 29 12:00:57 ubuntu macosx-prober: debug: /dev/sdb10 is not an HFS+ partition: exiting
May 29 12:00:57 ubuntu 50mounted-tests: debug: running subtest /usr/lib/os-probes/mounted/20microsoft
May 29 12:00:57 ubuntu 20microsoft: debug: /dev/sdb10 is not a MS partition: exiting
May 29 12:00:57 ubuntu 50mounted-tests: debug: running subtest /usr/lib/os-probes/mounted/30utility
May 29 12:00:57 ubuntu 30utility: debug: /dev/sdb10 is not a FAT partition: exiting
May 29 12:00:57 ubuntu 50mounted-tests: debug: running subtest /usr/lib/os-probes/mounted/40lsb
May 29 12:00:57 ubuntu 50mounted-tests: debug: running subtest /usr/lib/os-probes/mounted/70hurd
May 29 12:00:57 ubuntu 50mounted-tests: debug: running subtest /usr/lib/os-probes/mounted/80minix
May 29 12:00:57 ubuntu 50mounted-tests: debug: running subtest /usr/lib/os-probes/mounted/90linux-distro
May 29 12:00:57 ubuntu 90linux-distro: result: /dev/sdb10:Debian GNU/Linux (5.0.1):Debian1:linux
May 29 12:00:57 ubuntu 50mounted-tests: debug: os found by subtest /usr/lib/os-probes/mounted/90linux-distro
May 29 12:00:57 ubuntu os-prober: debug: os detected by /usr/lib/os-probes/50mounted-tests
May 29 12:00:58 ubuntu os-prober: debug: running /usr/lib/os-probes/50mounted-tests on /dev/sdb11
May 29 12:00:58 ubuntu kernel: [  213.674085] kjournald starting.  Commit interval 5 seconds
May 29 12:00:58 ubuntu kernel: [  213.674113] EXT3-fs: mounted filesystem with ordered data mode.
May 29 12:00:58 ubuntu 50mounted-tests: debug: mounted as ext3 filesystem
May 29 12:00:58 ubuntu 50mounted-tests: debug: running subtest /usr/lib/os-probes/mounted/10freedos
May 29 12:00:58 ubuntu 10freedos: debug: /dev/sdb11 is not a FAT partition: exiting
May 29 12:00:58 ubuntu 50mounted-tests: debug: running subtest /usr/lib/os-probes/mounted/10qnx
May 29 12:00:58 ubuntu 10qnx: debug: /dev/sdb11 is not a QNX4 partition: exiting
May 29 12:00:58 ubuntu 50mounted-tests: debug: running subtest /usr/lib/os-probes/mounted/20macosx
May 29 12:00:58 ubuntu macosx-prober: debug: /dev/sdb11 is not an HFS+ partition: exiting
May 29 12:00:58 ubuntu 50mounted-tests: debug: running subtest /usr/lib/os-probes/mounted/20microsoft
May 29 12:00:58 ubuntu 20microsoft: debug: /dev/sdb11 is not a MS partition: exiting
May 29 12:00:58 ubuntu 50mounted-tests: debug: running subtest /usr/lib/os-probes/mounted/30utility
May 29 12:00:58 ubuntu 30utility: debug: /dev/sdb11 is not a FAT partition: exiting
May 29 12:00:58 ubuntu 50mounted-tests: debug: running subtest /usr/lib/os-probes/mounted/40lsb
May 29 12:00:58 ubuntu 50mounted-tests: debug: running subtest /usr/lib/os-probes/mounted/70hurd
May 29 12:00:58 ubuntu 50mounted-tests: debug: running subtest /usr/lib/os-probes/mounted/80minix
May 29 12:00:58 ubuntu 50mounted-tests: debug: running subtest /usr/lib/os-probes/mounted/90linux-distro
May 29 12:00:58 ubuntu 50mounted-tests: debug: running subtest /usr/lib/os-probes/mounted/90solaris
May 29 12:00:58 ubuntu os-prober: debug: running /usr/lib/os-probes/50mounted-tests on /dev/sdb12
May 29 12:00:58 ubuntu kernel: [  213.882327] kjournald starting.  Commit interval 5 seconds
May 29 12:00:58 ubuntu kernel: [  213.882356] EXT3-fs: mounted filesystem with ordered data mode.
May 29 12:00:58 ubuntu 50mounted-tests: debug: mounted as ext3 filesystem
May 29 12:00:58 ubuntu 50mounted-tests: debug: running subtest /usr/lib/os-probes/mounted/10freedos
May 29 12:00:58 ubuntu 10freedos: debug: /dev/sdb12 is not a FAT partition: exiting
May 29 12:00:58 ubuntu 50mounted-tests: debug: running subtest /usr/lib/os-probes/mounted/10qnx
May 29 12:00:58 ubuntu 10qnx: debug: /dev/sdb12 is not a QNX4 partition: exiting
May 29 12:00:58 ubuntu 50mounted-tests: debug: running subtest /usr/lib/os-probes/mounted/20macosx
May 29 12:00:58 ubuntu macosx-prober: debug: /dev/sdb12 is not an HFS+ partition: exiting
May 29 12:00:58 ubuntu 50mounted-tests: debug: running subtest /usr/lib/os-probes/mounted/20microsoft
May 29 12:00:58 ubuntu 20microsoft: debug: /dev/sdb12 is not a MS partition: exiting
May 29 12:00:58 ubuntu 50mounted-tests: debug: running subtest /usr/lib/os-probes/mounted/30utility
May 29 12:00:58 ubuntu 30utility: debug: /dev/sdb12 is not a FAT partition: exiting
May 29 12:00:58 ubuntu 50mounted-tests: debug: running subtest /usr/lib/os-probes/mounted/40lsb
May 29 12:00:58 ubuntu 50mounted-tests: debug: running subtest /usr/lib/os-probes/mounted/70hurd
May 29 12:00:58 ubuntu 50mounted-tests: debug: running subtest /usr/lib/os-probes/mounted/80minix
May 29 12:00:58 ubuntu 50mounted-tests: debug: running subtest /usr/lib/os-probes/mounted/90linux-distro
May 29 12:00:58 ubuntu 50mounted-tests: debug: running subtest /usr/lib/os-probes/mounted/90solaris
May 29 12:00:58 ubuntu os-prober: debug: running /usr/lib/os-probes/50mounted-tests on /dev/sdb13
May 29 12:00:58 ubuntu kernel: [  214.075763] VFS: Can't find ext3 filesystem on dev sdb13.
May 29 12:00:58 ubuntu kernel: [  214.081064] VFS: Can't find ext4 filesystem on dev sdb13.
May 29 12:00:58 ubuntu kernel: [  214.092429] VFS: Can't find an ext2 filesystem on dev sdb13.
May 29 12:00:58 ubuntu kernel: [  214.099910] cramfs: wrong magic
May 29 12:00:58 ubuntu kernel: [  214.172803] ISOFS: Unable to identify CD-ROM format.
May 29 12:00:58 ubuntu kernel: [  214.192628] SQUASHFS error: Can't find a SQUASHFS superblock on sdb13
May 29 12:00:58 ubuntu kernel: [  214.200690] FAT: bogus number of reserved sectors
May 29 12:00:58 ubuntu kernel: [  214.200703] VFS: Can't find a valid FAT filesystem on dev sdb13.
May 29 12:00:58 ubuntu kernel: [  214.226681] ReiserFS: sdb13: found reiserfs format "3.6" with standard journal
May 29 12:00:58 ubuntu kernel: [  214.226763] ReiserFS: sdb13: using ordered data mode
May 29 12:00:58 ubuntu kernel: [  214.233841] ReiserFS: sdb13: journal params: device sdb13, size 8192, journal first block 18, max trans len 1024, max batch 900, max commit age 30, max trans age 30
May 29 12:00:58 ubuntu kernel: [  214.236484] ReiserFS: sdb13: checking transaction log (sdb13)
May 29 12:00:58 ubuntu kernel: [  214.244037] ReiserFS: warning: is_tree_node: node level 0 does not match to the expected one 65534
May 29 12:00:58 ubuntu kernel: [  214.244045] ReiserFS: sdb13: warning: vs-5150: search_by_key: invalid format found in block 0. Fsck?
May 29 12:00:58 ubuntu kernel: [  214.244055] ReiserFS: sdb13: warning: vs-13070: reiserfs_read_locked_inode: i/o failure occurred trying to find stat data of [1 2 0x0 SD]
May 29 12:00:58 ubuntu kernel: [  214.244067] ReiserFS: sdb13: Using r5 hash to sort names
May 29 12:00:58 ubuntu kernel: [  214.250586] XFS: bad magic number
May 29 12:00:58 ubuntu kernel: [  214.250593] XFS: SB validate failed
May 29 12:00:58 ubuntu kernel: [  214.267330] FAT: bogus number of reserved sectors
May 29 12:00:58 ubuntu kernel: [  214.267341] VFS: Can't find a valid FAT filesystem on dev sdb13.
May 29 12:00:58 ubuntu kernel: [  214.272734] VFS: Can't find a Minix filesystem V1 | V2 | V3 on device sdb13.
May 29 12:00:58 ubuntu kernel: [  214.277840] hfs: unable to find HFS+ superblock
May 29 12:00:58 ubuntu kernel: [  214.283996] qnx4: wrong fsid in superblock.
May 29 12:00:58 ubuntu kernel: [  214.290043] You didn't specify the type of your ufs filesystem
May 29 12:00:58 ubuntu kernel: [  214.290047] 
May 29 12:00:58 ubuntu kernel: [  214.290048] mount -t ufs -o ufstype=sun|sunx86|44bsd|ufs2|5xbsd|old|hp|nextstep|nextstep-cd|openstep ...
May 29 12:00:58 ubuntu kernel: [  214.290051] 
May 29 12:00:58 ubuntu kernel: [  214.290051] >>>WARNING<<< Wrong ufstype may corrupt your filesystem, default is ufstype=old
May 29 12:00:58 ubuntu kernel: [  214.290510] ufs_read_super: bad magic number
May 29 12:00:58 ubuntu kernel: [  214.296631] hfs: can't find a HFS filesystem on dev sdb13.
May 29 12:00:58 ubuntu os-prober: debug: running /usr/lib/os-probes/50mounted-tests on /dev/sdb14
May 29 12:00:58 ubuntu kernel: [  214.355718] kjournald starting.  Commit interval 5 seconds
May 29 12:00:58 ubuntu kernel: [  214.355749] EXT3-fs: mounted filesystem with ordered data mode.
May 29 12:00:58 ubuntu 50mounted-tests: debug: mounted as ext3 filesystem
May 29 12:00:58 ubuntu 50mounted-tests: debug: running subtest /usr/lib/os-probes/mounted/10freedos
May 29 12:00:58 ubuntu 10freedos: debug: /dev/sdb14 is not a FAT partition: exiting
May 29 12:00:58 ubuntu 50mounted-tests: debug: running subtest /usr/lib/os-probes/mounted/10qnx
May 29 12:00:58 ubuntu 10qnx: debug: /dev/sdb14 is not a QNX4 partition: exiting
May 29 12:00:58 ubuntu 50mounted-tests: debug: running subtest /usr/lib/os-probes/mounted/20macosx
May 29 12:00:58 ubuntu macosx-prober: debug: /dev/sdb14 is not an HFS+ partition: exiting
May 29 12:00:58 ubuntu 50mounted-tests: debug: running subtest /usr/lib/os-probes/mounted/20microsoft
May 29 12:00:58 ubuntu 20microsoft: debug: /dev/sdb14 is not a MS partition: exiting
May 29 12:00:58 ubuntu 50mounted-tests: debug: running subtest /usr/lib/os-probes/mounted/30utility
May 29 12:00:58 ubuntu 30utility: debug: /dev/sdb14 is not a FAT partition: exiting
May 29 12:00:58 ubuntu 50mounted-tests: debug: running subtest /usr/lib/os-probes/mounted/40lsb
May 29 12:00:58 ubuntu 50mounted-tests: debug: running subtest /usr/lib/os-probes/mounted/70hurd
May 29 12:00:58 ubuntu 50mounted-tests: debug: running subtest /usr/lib/os-probes/mounted/80minix
May 29 12:00:58 ubuntu 50mounted-tests: debug: running subtest /usr/lib/os-probes/mounted/90linux-distro
May 29 12:00:58 ubuntu 50mounted-tests: debug: running subtest /usr/lib/os-probes/mounted/90solaris
May 29 12:00:58 ubuntu os-prober: debug: running /usr/lib/os-probes/50mounted-tests on /dev/sdb15
May 29 12:00:59 ubuntu kernel: [  214.637491] kjournald starting.  Commit interval 5 seconds
May 29 12:00:59 ubuntu kernel: [  214.637520] EXT3-fs: mounted filesystem with ordered data mode.
May 29 12:00:59 ubuntu 50mounted-tests: debug: mounted as ext3 filesystem
May 29 12:00:59 ubuntu 50mounted-tests: debug: running subtest /usr/lib/os-probes/mounted/10freedos
May 29 12:00:59 ubuntu 10freedos: debug: /dev/sdb15 is not a FAT partition: exiting
May 29 12:00:59 ubuntu 50mounted-tests: debug: running subtest /usr/lib/os-probes/mounted/10qnx
May 29 12:00:59 ubuntu 10qnx: debug: /dev/sdb15 is not a QNX4 partition: exiting
May 29 12:00:59 ubuntu 50mounted-tests: debug: running subtest /usr/lib/os-probes/mounted/20macosx
May 29 12:00:59 ubuntu macosx-prober: debug: /dev/sdb15 is not an HFS+ partition: exiting
May 29 12:00:59 ubuntu 50mounted-tests: debug: running subtest /usr/lib/os-probes/mounted/20microsoft
May 29 12:00:59 ubuntu 20microsoft: debug: /dev/sdb15 is not a MS partition: exiting
May 29 12:00:59 ubuntu 50mounted-tests: debug: running subtest /usr/lib/os-probes/mounted/30utility
May 29 12:00:59 ubuntu 30utility: debug: /dev/sdb15 is not a FAT partition: exiting
May 29 12:00:59 ubuntu 50mounted-tests: debug: running subtest /usr/lib/os-probes/mounted/40lsb
May 29 12:00:59 ubuntu 50mounted-tests: debug: running subtest /usr/lib/os-probes/mounted/70hurd
May 29 12:00:59 ubuntu 50mounted-tests: debug: running subtest /usr/lib/os-probes/mounted/80minix
May 29 12:00:59 ubuntu 50mounted-tests: debug: running subtest /usr/lib/os-probes/mounted/90linux-distro
May 29 12:00:59 ubuntu 50mounted-tests: debug: running subtest /usr/lib/os-probes/mounted/90solaris
May 29 12:00:59 ubuntu os-prober: debug: running /usr/lib/os-probes/50mounted-tests on /dev/sdb16
May 29 12:00:59 ubuntu kernel: [  214.854516] VFS: Can't find ext3 filesystem on dev sdb16.
May 29 12:00:59 ubuntu kernel: [  214.859216] VFS: Can't find ext4 filesystem on dev sdb16.
May 29 12:00:59 ubuntu kernel: [  214.871183] VFS: Can't find an ext2 filesystem on dev sdb16.
May 29 12:00:59 ubuntu kernel: [  214.877576] cramfs: wrong magic
May 29 12:00:59 ubuntu kernel: [  214.922730] ISOFS: Unable to identify CD-ROM format.
May 29 12:00:59 ubuntu kernel: [  214.929488] SQUASHFS error: Can't find a SQUASHFS superblock on sdb16
